#
# There is insufficient memory for the Java Runtime Environment to continue.
# Native memory allocation (mmap) failed to map 65536 bytes. Error detail: Failed to commit metaspace.
# Possible reasons:
#   The system is out of physical RAM or swap space
#   This process is running with CompressedOops enabled, and the Java Heap may be blocking the growth of the native heap
# Possible solutions:
#   Reduce memory load on the system
#   Increase physical memory or swap space
#   Check if swap backing store is full
#   Decrease Java heap size (-Xmx/-Xms)
#   Decrease number of Java threads
#   Decrease Java thread stack sizes (-Xss)
#   Set larger code cache with -XX:ReservedCodeCacheSize=
#   JVM is running with Unscaled Compressed Oops mode in which the Java heap is
#     placed in the first 4GB address space. The Java Heap base address is the
#     maximum limit for the native heap growth. Please use -XX:HeapBaseMinAddress
#     to set the Java Heap base and to place the Java Heap above 4GB virtual address.
# This output file may be truncated or incomplete.
#
#  Out of Memory Error (virtualSpaceNode.cpp:113), pid=2212, tid=15492
#
# JRE version: OpenJDK Runtime Environment (21.0.9) (build 21.0.9+-14787801-b1163.94)
# Java VM: OpenJDK 64-Bit Server VM (21.0.9+-14787801-b1163.94, mixed mode, tiered, compressed oops, compressed class ptrs, g1 gc, windows-amd64)
# No core dump will be written. Minidumps are not enabled by default on client versions of Windows
#

---------------  S U M M A R Y ------------

Command Line: --add-opens=java.base/java.lang=ALL-UNNAMED --add-opens=java.base/java.lang.invoke=ALL-UNNAMED --add-opens=java.base/java.util=ALL-UNNAMED --add-opens=java.prefs/java.util.prefs=ALL-UNNAMED --add-exports=jdk.compiler/com.sun.tools.javac.api=ALL-UNNAMED --add-exports=jdk.compiler/com.sun.tools.javac.util=ALL-UNNAMED --add-opens=java.base/java.util=ALL-UNNAMED --add-opens=java.prefs/java.util.prefs=ALL-UNNAMED --add-opens=java.base/java.nio.charset=ALL-UNNAMED --add-opens=java.base/java.net=ALL-UNNAMED --add-opens=java.base/java.util.concurrent=ALL-UNNAMED --add-opens=java.base/java.util.concurrent.atomic=ALL-UNNAMED --add-opens=java.xml/javax.xml.namespace=ALL-UNNAMED --add-opens=java.base/java.time=ALL-UNNAMED -Xmx2048m -Dfile.encoding=UTF-8 -Duser.country=US -Duser.language=en -Duser.variant -javaagent:C:\Users\Administrator\.gradle\wrapper\dists\gradle-9.3.1-bin\23ovyewtku6u96viwx3xl3oks\gradle-9.3.1\lib\agents\gradle-instrumentation-agent-9.3.1.jar org.gradle.launcher.daemon.bootstrap.GradleDaemon 9.3.1

Host: Intel(R) Core(TM) i5-7Y54 CPU @ 1.20GHz, 4 cores, 7G,  Windows 11 , 64 bit Build 26100 (10.0.26100.7705)
Time: Mon Mar 16 19:36:11 2026 E. Africa Standard Time elapsed time: 235.734710 seconds (0d 0h 3m 55s)

---------------  T H R E A D  ---------------

Current thread (0x000000001a1c1260):  JavaThread "C1 CompilerThread0" daemon [_thread_in_vm, id=15492, stack(0x000000001adb0000,0x000000001aeb0000) (1024K)]


Current CompileTask:
C1:235735 16487       3       java.lang.invoke.LambdaForm$MH/0x00000001001b8c00::invoke (57 bytes)

Stack: [0x000000001adb0000,0x000000001aeb0000]
Native frames: (J=compiled Java code, j=interpreted, Vv=VM code, C=native code)
V  [jvm.dll+0x6d6c99]
V  [jvm.dll+0x866b83]
V  [jvm.dll+0x8691ae]
V  [jvm.dll+0x869893]
V  [jvm.dll+0x280776]
V  [jvm.dll+0x861a3e]
V  [jvm.dll+0x67a1b5]
V  [jvm.dll+0x1e4571]
V  [jvm.dll+0x1e433e]
V  [jvm.dll+0x67cb08]
V  [jvm.dll+0x67c942]
V  [jvm.dll+0x67abae]
V  [jvm.dll+0x68c0ea]
V  [jvm.dll+0x685042]
V  [jvm.dll+0x1f24e0]
V  [jvm.dll+0x1f26c8]
V  [jvm.dll+0x151049]
V  [jvm.dll+0x151341]
V  [jvm.dll+0x1506cf]
V  [jvm.dll+0x152491]
V  [jvm.dll+0x2581ae]
V  [jvm.dll+0x2566f6]
V  [jvm.dll+0x3f48a6]
V  [jvm.dll+0x80f118]
V  [jvm.dll+0x6d54ed]
C  [ucrtbase.dll+0x37b0]
C  [KERNEL32.DLL+0x2e8d7]
C  [ntdll.dll+0x8c40c]


---------------  P R O C E S S  ---------------

Threads class SMR info:
_java_thread_list=0x0000000020b820d0, length=86, elements={
0x000000000046d6b0, 0x000000001a113bc0, 0x000000001a129fa0, 0x000000001a12d580,
0x000000001a13f5b0, 0x000000001a13ee30, 0x000000001a131950, 0x000000001a1323b0,
0x000000001a134150, 0x000000001a1c1260, 0x000000001f045430, 0x0000000020754850,
0x000000001f64d2a0, 0x000000001f63d430, 0x0000000020266520, 0x0000000021876670,
0x000000001f0d5260, 0x000000001a3c3350, 0x000000001a3c4d90, 0x000000001a3c4070,
0x000000001a3c2cc0, 0x000000001a3c39e0, 0x000000001a3c4700, 0x000000001a3c1910,
0x0000000023adbaa0, 0x0000000023adc130, 0x0000000023adb410, 0x0000000023adc7c0,
0x0000000023add4e0, 0x0000000023adad80, 0x0000000023adf5b0, 0x0000000023adef20,
0x0000000023ae02d0, 0x0000000023adfc40, 0x0000000023ae0960, 0x0000000023ade890,
0x0000000023addb70, 0x0000000023ae1680, 0x0000000023ade200, 0x0000000023ae1d10,
0x0000000023ae23a0, 0x0000000025f31610, 0x0000000025f31ca0, 0x0000000025f308f0,
0x0000000025f32330, 0x0000000025f30f80, 0x0000000025f329c0, 0x0000000025f33050,
0x0000000025f364d0, 0x0000000025f35120, 0x0000000025f34a90, 0x0000000025f33d70,
0x0000000025f36b60, 0x0000000025781b70, 0x000000002577ed80, 0x000000002577e6f0,
0x0000000025782890, 0x0000000025780130, 0x0000000025c2b7a0, 0x0000000025c2be30,
0x0000000025c289b0, 0x0000000025c2c4c0, 0x0000000025c2ec20, 0x0000000025784960,
0x00000000257835b0, 0x0000000025785680, 0x000000002ee10850, 0x000000002ee0d3d0,
0x000000002ee0da60, 0x000000002ee11570, 0x000000002ee10ee0, 0x000000002ee0e0f0,
0x000000002ee0e780, 0x000000002ee0c020, 0x000000002ee0ee10, 0x0000000025785d10,
0x0000000025783c40, 0x00000000257842d0, 0x000000002ee101c0, 0x000000002ee0fb30,
0x000000002ee0cd40, 0x000000002ee11c00, 0x000000002ee13640, 0x000000002ee12290,
0x00000000236b66f0, 0x0000000021243060
}

Java Threads: ( => current thread )
  0x000000000046d6b0 JavaThread "main"                              [_thread_blocked, id=17464, stack(0x0000000002090000,0x0000000002190000) (1024K)]
  0x000000001a113bc0 JavaThread "Common-Cleaner"             daemon [_thread_blocked, id=12820, stack(0x000000001a5b0000,0x000000001a6b0000) (1024K)]
  0x000000001a129fa0 JavaThread "Reference Handler"          daemon [_thread_blocked, id=17820, stack(0x000000001a6b0000,0x000000001a7b0000) (1024K)]
  0x000000001a12d580 JavaThread "Finalizer"                  daemon [_thread_blocked, id=13880, stack(0x000000001a7b0000,0x000000001a8b0000) (1024K)]
  0x000000001a13f5b0 JavaThread "Signal Dispatcher"          daemon [_thread_blocked, id=4644, stack(0x000000001a8b0000,0x000000001a9b0000) (1024K)]
  0x000000001a13ee30 JavaThread "Attach Listener"            daemon [_thread_blocked, id=13584, stack(0x000000001a9b0000,0x000000001aab0000) (1024K)]
  0x000000001a131950 JavaThread "Service Thread"             daemon [_thread_blocked, id=4592, stack(0x000000001aab0000,0x000000001abb0000) (1024K)]
  0x000000001a1323b0 JavaThread "Monitor Deflation Thread"   daemon [_thread_blocked, id=1324, stack(0x000000001abb0000,0x000000001acb0000) (1024K)]
  0x000000001a134150 JavaThread "C2 CompilerThread0"         daemon [_thread_blocked, id=19540, stack(0x000000001acb0000,0x000000001adb0000) (1024K)]
=>0x000000001a1c1260 JavaThread "C1 CompilerThread0"         daemon [_thread_in_vm, id=15492, stack(0x000000001adb0000,0x000000001aeb0000) (1024K)]
  0x000000001f045430 JavaThread "Notification Thread"        daemon [_thread_blocked, id=484, stack(0x000000001f800000,0x000000001f900000) (1024K)]
  0x0000000020754850 JavaThread "Daemon health stats"               [_thread_blocked, id=20180, stack(0x0000000020d30000,0x0000000020e30000) (1024K)]
  0x000000001f64d2a0 JavaThread "Incoming local TCP Connector on port 5457"        [_thread_in_native, id=17068, stack(0x0000000020e30000,0x0000000020f30000) (1024K)]
  0x000000001f63d430 JavaThread "Daemon periodic checks"            [_thread_blocked, id=9428, stack(0x0000000020f30000,0x0000000021030000) (1024K)]
  0x0000000020266520 JavaThread "Daemon"                            [_thread_blocked, id=7744, stack(0x0000000022370000,0x0000000022470000) (1024K)]
  0x0000000021876670 JavaThread "Handler for socket connection from /127.0.0.1:5457 to /127.0.0.1:5458"        [_thread_in_native, id=17264, stack(0x0000000022470000,0x0000000022570000) (1024K)]
  0x000000001f0d5260 JavaThread "Cancel handler"                    [_thread_blocked, id=2752, stack(0x0000000022570000,0x0000000022670000) (1024K)]
  0x000000001a3c3350 JavaThread "Daemon worker"                     [_thread_in_vm, id=19604, stack(0x0000000022770000,0x0000000022870000) (1024K)]
  0x000000001a3c4d90 JavaThread "Asynchronous log dispatcher for DefaultDaemonConnection: socket connection from /127.0.0.1:5457 to /127.0.0.1:5458"        [_thread_blocked, id=10704, stack(0x0000000022870000,0x0000000022970000) (1024K)]
  0x000000001a3c4070 JavaThread "Stdin handler"                     [_thread_blocked, id=15520, stack(0x0000000022970000,0x0000000022a70000) (1024K)]
  0x000000001a3c2cc0 JavaThread "Daemon client event forwarder"        [_thread_blocked, id=14760, stack(0x0000000022a70000,0x0000000022b70000) (1024K)]
  0x000000001a3c39e0 JavaThread "Cache worker for journal cache (C:\Users\Administrator\.gradle\caches\journal-1)"        [_thread_blocked, id=9448, stack(0x0000000022b70000,0x0000000022c70000) (1024K)]
  0x000000001a3c4700 JavaThread "File lock request listener"        [_thread_in_native, id=4708, stack(0x0000000022c70000,0x0000000022d70000) (1024K)]
  0x000000001a3c1910 JavaThread "Cache worker for file hash cache (C:\Users\Administrator\.gradle\caches\9.3.1\fileHashes)"        [_thread_blocked, id=9780, stack(0x0000000022e70000,0x0000000022f70000) (1024K)]
  0x0000000023adbaa0 JavaThread "Cache worker for file hash cache (C:\Users\Administrator\AndroidStudioProjects\SmartNotify\.gradle\9.3.1\fileHashes)"        [_thread_blocked, id=10544, stack(0x0000000022d70000,0x0000000022e70000) (1024K)]
  0x0000000023adc130 JavaThread "Cache worker for Build Output Cleanup Cache (C:\Users\Administrator\AndroidStudioProjects\SmartNotify\.gradle\buildOutputCleanup)"        [_thread_blocked, id=17416, stack(0x0000000022f70000,0x0000000023070000) (1024K)]
  0x0000000023adb410 JavaThread "File watcher server"        daemon [_thread_in_native, id=13992, stack(0x0000000023070000,0x0000000023170000) (1024K)]
  0x0000000023adc7c0 JavaThread "File watcher consumer"      daemon [_thread_blocked, id=17880, stack(0x0000000024190000,0x0000000024290000) (1024K)]
  0x0000000023add4e0 JavaThread "Cache worker for checksums cache (C:\Users\Administrator\AndroidStudioProjects\SmartNotify\.gradle\9.3.1\checksums)"        [_thread_blocked, id=20164, stack(0x0000000025330000,0x0000000025430000) (1024K)]
  0x0000000023adad80 JavaThread "Cache worker for file content cache (C:\Users\Administrator\.gradle\caches\9.3.1\fileContent)"        [_thread_blocked, id=9388, stack(0x0000000025430000,0x0000000025530000) (1024K)]
  0x0000000023adf5b0 JavaThread "Cache worker for cache directory md-supplier (C:\Users\Administrator\.gradle\caches\9.3.1\md-supplier)"        [_thread_blocked, id=17612, stack(0x0000000025530000,0x0000000025630000) (1024K)]
  0x0000000023adef20 JavaThread "Cache worker for cache directory md-rule (C:\Users\Administrator\.gradle\caches\9.3.1\md-rule)"        [_thread_blocked, id=7304, stack(0x0000000026670000,0x0000000026770000) (1024K)]
  0x0000000023ae02d0 JavaThread "jar transforms"                    [_thread_blocked, id=19464, stack(0x0000000026770000,0x0000000026870000) (1024K)]
  0x0000000023adfc40 JavaThread "jar transforms Thread 2"           [_thread_blocked, id=5908, stack(0x0000000026870000,0x0000000026970000) (1024K)]
  0x0000000023ae0960 JavaThread "jar transforms Thread 3"           [_thread_blocked, id=11908, stack(0x0000000026970000,0x0000000026a70000) (1024K)]
  0x0000000023ade890 JavaThread "Unconstrained build operations"        [_thread_blocked, id=19152, stack(0x0000000026b70000,0x0000000026c70000) (1024K)]
  0x0000000023addb70 JavaThread "Unconstrained build operations Thread 2"        [_thread_blocked, id=7596, stack(0x0000000026a70000,0x0000000026b70000) (1024K)]
  0x0000000023ae1680 JavaThread "Unconstrained build operations Thread 3"        [_thread_blocked, id=17524, stack(0x0000000026c70000,0x0000000026d70000) (1024K)]
  0x0000000023ade200 JavaThread "Unconstrained build operations Thread 4"        [_thread_blocked, id=7984, stack(0x0000000026d70000,0x0000000026e70000) (1024K)]
  0x0000000023ae1d10 JavaThread "Unconstrained build operations Thread 5"        [_thread_blocked, id=19612, stack(0x0000000026e70000,0x0000000026f70000) (1024K)]
  0x0000000023ae23a0 JavaThread "Unconstrained build operations Thread 6"        [_thread_blocked, id=18052, stack(0x0000000026f70000,0x0000000027070000) (1024K)]
  0x0000000025f31610 JavaThread "jar transforms Thread 4"           [_thread_blocked, id=16880, stack(0x0000000027070000,0x0000000027170000) (1024K)]
  0x0000000025f31ca0 JavaThread "Unconstrained build operations Thread 7"        [_thread_blocked, id=4972, stack(0x0000000027170000,0x0000000027270000) (1024K)]
  0x0000000025f308f0 JavaThread "Unconstrained build operations Thread 8"        [_thread_blocked, id=13484, stack(0x0000000027270000,0x0000000027370000) (1024K)]
  0x0000000025f32330 JavaThread "Unconstrained build operations Thread 9"        [_thread_blocked, id=11888, stack(0x0000000027370000,0x0000000027470000) (1024K)]
  0x0000000025f30f80 JavaThread "Unconstrained build operations Thread 10"        [_thread_blocked, id=8472, stack(0x0000000027470000,0x0000000027570000) (1024K)]
  0x0000000025f329c0 JavaThread "Unconstrained build operations Thread 11"        [_thread_blocked, id=7736, stack(0x0000000027670000,0x0000000027770000) (1024K)]
  0x0000000025f33050 JavaThread "Unconstrained build operations Thread 12"        [_thread_blocked, id=18768, stack(0x0000000027770000,0x0000000027870000) (1024K)]
  0x0000000025f364d0 JavaThread "Unconstrained build operations Thread 13"        [_thread_blocked, id=15324, stack(0x0000000027870000,0x0000000027970000) (1024K)]
  0x0000000025f35120 JavaThread "Unconstrained build operations Thread 14"        [_thread_blocked, id=3436, stack(0x0000000027970000,0x0000000027a70000) (1024K)]
  0x0000000025f34a90 JavaThread "Unconstrained build operations Thread 15"        [_thread_blocked, id=18212, stack(0x0000000027a70000,0x0000000027b70000) (1024K)]
  0x0000000025f33d70 JavaThread "Unconstrained build operations Thread 16"        [_thread_blocked, id=19268, stack(0x0000000027b70000,0x0000000027c70000) (1024K)]
  0x0000000025f36b60 JavaThread "Unconstrained build operations Thread 17"        [_thread_blocked, id=19200, stack(0x0000000027c70000,0x0000000027d70000) (1024K)]
  0x0000000025781b70 JavaThread "Unconstrained build operations Thread 18"        [_thread_blocked, id=19044, stack(0x0000000027d70000,0x0000000027e70000) (1024K)]
  0x000000002577ed80 JavaThread "Unconstrained build operations Thread 19"        [_thread_blocked, id=8464, stack(0x000000002cfd0000,0x000000002d0d0000) (1024K)]
  0x000000002577e6f0 JavaThread "Unconstrained build operations Thread 20"        [_thread_blocked, id=11572, stack(0x000000002d0d0000,0x000000002d1d0000) (1024K)]
  0x0000000025782890 JavaThread "Unconstrained build operations Thread 21"        [_thread_blocked, id=16988, stack(0x000000002d1d0000,0x000000002d2d0000) (1024K)]
  0x0000000025780130 JavaThread "Memory manager"                    [_thread_blocked, id=2384, stack(0x0000000027e70000,0x0000000027f70000) (1024K)]
  0x0000000025c2b7a0 JavaThread "included builds"                   [_thread_blocked, id=2744, stack(0x000000001aeb0000,0x000000001afb0000) (1024K)]
  0x0000000025c2be30 JavaThread "Execution worker"                  [_thread_blocked, id=18516, stack(0x000000002e4a0000,0x000000002e5a0000) (1024K)]
  0x0000000025c289b0 JavaThread "Execution worker Thread 2"         [_thread_blocked, id=19004, stack(0x000000002e5a0000,0x000000002e6a0000) (1024K)]
  0x0000000025c2c4c0 JavaThread "Execution worker Thread 3"         [_thread_blocked, id=7996, stack(0x000000002e6a0000,0x000000002e7a0000) (1024K)]
  0x0000000025c2ec20 JavaThread "Cache worker for execution history cache (C:\Users\Administrator\AndroidStudioProjects\SmartNotify\.gradle\9.3.1\executionHistory)"        [_thread_blocked, id=19676, stack(0x000000002e7a0000,0x000000002e8a0000) (1024K)]
  0x0000000025784960 JavaThread "Unconstrained build operations Thread 22"        [_thread_blocked, id=15980, stack(0x000000002fa50000,0x000000002fb50000) (1024K)]
  0x00000000257835b0 JavaThread "Unconstrained build operations Thread 23"        [_thread_blocked, id=13776, stack(0x000000002fb50000,0x000000002fc50000) (1024K)]
  0x0000000025785680 JavaThread "Unconstrained build operations Thread 24"        [_thread_blocked, id=14088, stack(0x000000002fc50000,0x000000002fd50000) (1024K)]
  0x000000002ee10850 JavaThread "Unconstrained build operations Thread 25"        [_thread_blocked, id=2088, stack(0x000000002fd50000,0x000000002fe50000) (1024K)]
  0x000000002ee0d3d0 JavaThread "WorkerExecutor Queue"              [_thread_blocked, id=17420, stack(0x000000002fe50000,0x000000002ff50000) (1024K)]
  0x000000002ee0da60 JavaThread "Unconstrained build operations Thread 26"        [_thread_blocked, id=9304, stack(0x000000002ff50000,0x0000000030050000) (1024K)]
  0x000000002ee11570 JavaThread "Unconstrained build operations Thread 27"        [_thread_blocked, id=17500, stack(0x0000000030050000,0x0000000030150000) (1024K)]
  0x000000002ee10ee0 JavaThread "Unconstrained build operations Thread 28"        [_thread_blocked, id=16624, stack(0x0000000030150000,0x0000000030250000) (1024K)]
  0x000000002ee0e0f0 JavaThread "WorkerExecutor Queue Thread 2"        [_thread_blocked, id=5308, stack(0x0000000030250000,0x0000000030350000) (1024K)]
  0x000000002ee0e780 JavaThread "Unconstrained build operations Thread 29"        [_thread_blocked, id=11096, stack(0x0000000030350000,0x0000000030450000) (1024K)]
  0x000000002ee0c020 JavaThread "Unconstrained build operations Thread 30"        [_thread_blocked, id=14520, stack(0x0000000030450000,0x0000000030550000) (1024K)]
  0x000000002ee0ee10 JavaThread "Unconstrained build operations Thread 31"        [_thread_blocked, id=17716, stack(0x0000000030550000,0x0000000030650000) (1024K)]
  0x0000000025785d10 JavaThread "Unconstrained build operations Thread 32"        [_thread_blocked, id=12488, stack(0x0000000030650000,0x0000000030750000) (1024K)]
  0x0000000025783c40 JavaThread "Unconstrained build operations Thread 33"        [_thread_blocked, id=17016, stack(0x0000000030750000,0x0000000030850000) (1024K)]
  0x00000000257842d0 JavaThread "Unconstrained build operations Thread 34"        [_thread_blocked, id=15928, stack(0x0000000030850000,0x0000000030950000) (1024K)]
  0x000000002ee101c0 JavaThread "Unconstrained build operations Thread 35"        [_thread_blocked, id=11300, stack(0x0000000030950000,0x0000000030a50000) (1024K)]
  0x000000002ee0fb30 JavaThread "Unconstrained build operations Thread 36"        [_thread_blocked, id=13524, stack(0x0000000030a50000,0x0000000030b50000) (1024K)]
  0x000000002ee0cd40 JavaThread "Unconstrained build operations Thread 37"        [_thread_blocked, id=5404, stack(0x0000000030b50000,0x0000000030c50000) (1024K)]
  0x000000002ee11c00 JavaThread "Unconstrained build operations Thread 38"        [_thread_blocked, id=10780, stack(0x0000000030c50000,0x0000000030d50000) (1024K)]
  0x000000002ee13640 JavaThread "Unconstrained build operations Thread 39"        [_thread_blocked, id=19208, stack(0x0000000030d50000,0x0000000030e50000) (1024K)]
  0x000000002ee12290 JavaThread "Unconstrained build operations Thread 40"        [_thread_blocked, id=15436, stack(0x0000000030e50000,0x0000000030f50000) (1024K)]
  0x00000000236b66f0 JavaThread "WorkerExecutor Queue Thread 3"        [_thread_blocked, id=9940, stack(0x0000000030f50000,0x0000000031050000) (1024K)]
  0x0000000021243060 JavaThread "WorkerExecutor Queue Thread 4"        [_thread_blocked, id=15496, stack(0x000000002f950000,0x000000002fa50000) (1024K)]
Total: 86

Other Threads:
  0x0000000019c33c50 VMThread "VM Thread"                           [id=7532, stack(0x000000001a4b0000,0x000000001a5b0000) (1024K)]
  0x0000000019bf8700 WatcherThread "VM Periodic Task Thread"        [id=13892, stack(0x0000000019fb0000,0x000000001a0b0000) (1024K)]
  0x0000000002b3ee90 WorkerThread "GC Thread#0"                     [id=19100, stack(0x0000000002930000,0x0000000002a30000) (1024K)]
  0x000000001f21acf0 WorkerThread "GC Thread#1"                     [id=15896, stack(0x000000001f900000,0x000000001fa00000) (1024K)]
  0x000000001f3b7890 WorkerThread "GC Thread#2"                     [id=19900, stack(0x000000001fa00000,0x000000001fb00000) (1024K)]
  0x000000001f309990 WorkerThread "GC Thread#3"                     [id=13804, stack(0x000000001fb00000,0x000000001fc00000) (1024K)]
  0x0000000002b4fd80 ConcurrentGCThread "G1 Main Marker"            [id=14120, stack(0x0000000017440000,0x0000000017540000) (1024K)]
  0x0000000002b515d0 WorkerThread "G1 Conc#0"                       [id=4980, stack(0x0000000017540000,0x0000000017640000) (1024K)]
  0x0000000002b9dfe0 ConcurrentGCThread "G1 Refine#0"               [id=9352, stack(0x0000000019c80000,0x0000000019d80000) (1024K)]
  0x0000000002b9ea60 ConcurrentGCThread "G1 Service"                [id=12092, stack(0x0000000019d80000,0x0000000019e80000) (1024K)]
Total: 10

Threads with active compile tasks:
C1 CompilerThread0  235829 16487       3       java.lang.invoke.LambdaForm$MH/0x00000001001b8c00::invoke (57 bytes)
Total: 1

VM state: not at safepoint (normal execution)

VM Mutex/Monitor currently owned by a thread:  ([mutex/lock_event])
[0x00007ff8e17b6490] Metaspace_lock - owner thread: 0x000000001a1c1260

Heap address: 0x0000000080000000, size: 2048 MB, Compressed Oops mode: 32-bit

CDS archive(s) not mapped
Compressed class space mapped at: 0x0000000100000000-0x0000000140000000, reserved size: 1073741824
Narrow klass base: 0x0000000000000000, Narrow klass shift: 3, Narrow klass range: 0x140000000

GC Precious Log:
 CardTable entry size: 512
 Card Set container configuration: InlinePtr #cards 5 size 8 Array Of Cards #cards 12 size 40 Howl #buckets 4 coarsen threshold 1843 Howl Bitmap #cards 512 size 80 coarsen threshold 460 Card regions per heap region 1 cards per card region 2048
 CPUs: 4 total, 4 available
 Memory: 8082M
 Large Page Support: Disabled
 NUMA Support: Disabled
 Compressed Oops: Enabled (32-bit)
 Heap Region Size: 1M
 Heap Min Capacity: 8M
 Heap Initial Capacity: 128M
 Heap Max Capacity: 2G
 Pre-touch: Disabled
 Parallel Workers: 4
 Concurrent Workers: 1
 Concurrent Refinement Workers: 4
 Periodic GC: Disabled

Heap:
 garbage-first heap   total 220160K, used 205022K [0x0000000080000000, 0x0000000100000000)
  region size 1024K, 80 young (81920K), 6 survivors (6144K)
 Metaspace       used 133756K, committed 136064K, reserved 1179648K
  class space    used 18526K, committed 19648K, reserved 1048576K

Heap Regions: E=young(eden), S=young(survivor), O=old, HS=humongous(starts), HC=humongous(continues), CS=collection set, F=free, TAMS=top-at-mark-start, PB=parsable bottom
|   0|0x0000000080000000, 0x0000000080100000, 0x0000000080100000|100%|HS|  |TAMS 0x0000000080000000| PB 0x0000000080000000| Complete 
|   1|0x0000000080100000, 0x0000000080200000, 0x0000000080200000|100%|HC|  |TAMS 0x0000000080100000| PB 0x0000000080100000| Complete 
|   2|0x0000000080200000, 0x0000000080300000, 0x0000000080300000|100%|HC|  |TAMS 0x0000000080200000| PB 0x0000000080200000| Complete 
|   3|0x0000000080300000, 0x0000000080400000, 0x0000000080400000|100%|HC|  |TAMS 0x0000000080300000| PB 0x0000000080300000| Complete 
|   4|0x0000000080400000, 0x0000000080500000, 0x0000000080500000|100%|HS|  |TAMS 0x0000000080400000| PB 0x0000000080400000| Complete 
|   5|0x0000000080500000, 0x0000000080600000, 0x0000000080600000|100%| O|  |TAMS 0x0000000080500000| PB 0x0000000080500000| Untracked 
|   6|0x0000000080600000, 0x0000000080700000, 0x0000000080700000|100%| O|  |TAMS 0x0000000080600000| PB 0x0000000080600000| Untracked 
|   7|0x0000000080700000, 0x0000000080800000, 0x0000000080800000|100%| O|  |TAMS 0x0000000080700000| PB 0x0000000080700000| Untracked 
|   8|0x0000000080800000, 0x0000000080900000, 0x0000000080900000|100%| O|  |TAMS 0x0000000080800000| PB 0x0000000080800000| Untracked 
|   9|0x0000000080900000, 0x0000000080a00000, 0x0000000080a00000|100%| O|  |TAMS 0x0000000080900000| PB 0x0000000080900000| Untracked 
|  10|0x0000000080a00000, 0x0000000080b00000, 0x0000000080b00000|100%| O|  |TAMS 0x0000000080a00000| PB 0x0000000080a00000| Untracked 
|  11|0x0000000080b00000, 0x0000000080c00000, 0x0000000080c00000|100%| O|  |TAMS 0x0000000080b00000| PB 0x0000000080b00000| Untracked 
|  12|0x0000000080c00000, 0x0000000080d00000, 0x0000000080d00000|100%| O|  |TAMS 0x0000000080c00000| PB 0x0000000080c00000| Untracked 
|  13|0x0000000080d00000, 0x0000000080e00000, 0x0000000080e00000|100%| O|  |TAMS 0x0000000080d00000| PB 0x0000000080d00000| Untracked 
|  14|0x0000000080e00000, 0x0000000080f00000, 0x0000000080f00000|100%| O|  |TAMS 0x0000000080e00000| PB 0x0000000080e00000| Untracked 
|  15|0x0000000080f00000, 0x0000000081000000, 0x0000000081000000|100%| O|  |TAMS 0x0000000080f00000| PB 0x0000000080f00000| Untracked 
|  16|0x0000000081000000, 0x0000000081100000, 0x0000000081100000|100%| O|  |TAMS 0x0000000081000000| PB 0x0000000081000000| Untracked 
|  17|0x0000000081100000, 0x0000000081200000, 0x0000000081200000|100%| O|  |TAMS 0x0000000081100000| PB 0x0000000081100000| Untracked 
|  18|0x0000000081200000, 0x0000000081300000, 0x0000000081300000|100%| O|  |TAMS 0x0000000081200000| PB 0x0000000081200000| Untracked 
|  19|0x0000000081300000, 0x0000000081400000, 0x0000000081400000|100%| O|  |TAMS 0x0000000081300000| PB 0x0000000081300000| Untracked 
|  20|0x0000000081400000, 0x0000000081500000, 0x0000000081500000|100%| O|  |TAMS 0x0000000081400000| PB 0x0000000081400000| Untracked 
|  21|0x0000000081500000, 0x0000000081600000, 0x0000000081600000|100%| O|  |TAMS 0x0000000081500000| PB 0x0000000081500000| Untracked 
|  22|0x0000000081600000, 0x0000000081700000, 0x0000000081700000|100%| O|  |TAMS 0x0000000081600000| PB 0x0000000081600000| Untracked 
|  23|0x0000000081700000, 0x0000000081800000, 0x0000000081800000|100%| O|  |TAMS 0x0000000081700000| PB 0x0000000081700000| Untracked 
|  24|0x0000000081800000, 0x0000000081900000, 0x0000000081900000|100%| O|  |TAMS 0x0000000081800000| PB 0x0000000081800000| Untracked 
|  25|0x0000000081900000, 0x0000000081a00000, 0x0000000081a00000|100%| O|  |TAMS 0x0000000081900000| PB 0x0000000081900000| Untracked 
|  26|0x0000000081a00000, 0x0000000081b00000, 0x0000000081b00000|100%| O|  |TAMS 0x0000000081a00000| PB 0x0000000081a00000| Untracked 
|  27|0x0000000081b00000, 0x0000000081c00000, 0x0000000081c00000|100%| O|  |TAMS 0x0000000081b00000| PB 0x0000000081b00000| Untracked 
|  28|0x0000000081c00000, 0x0000000081d00000, 0x0000000081d00000|100%| O|  |TAMS 0x0000000081c00000| PB 0x0000000081c00000| Untracked 
|  29|0x0000000081d00000, 0x0000000081e00000, 0x0000000081e00000|100%|HS|  |TAMS 0x0000000081d00000| PB 0x0000000081d00000| Complete 
|  30|0x0000000081e00000, 0x0000000081f00000, 0x0000000081f00000|100%|HC|  |TAMS 0x0000000081e00000| PB 0x0000000081e00000| Complete 
|  31|0x0000000081f00000, 0x0000000082000000, 0x0000000082000000|100%| O|  |TAMS 0x0000000081f00000| PB 0x0000000081f00000| Untracked 
|  32|0x0000000082000000, 0x0000000082100000, 0x0000000082100000|100%| O|  |TAMS 0x0000000082000000| PB 0x0000000082000000| Untracked 
|  33|0x0000000082100000, 0x0000000082200000, 0x0000000082200000|100%| O|  |TAMS 0x0000000082100000| PB 0x0000000082100000| Untracked 
|  34|0x0000000082200000, 0x0000000082300000, 0x0000000082300000|100%| O|  |TAMS 0x0000000082200000| PB 0x0000000082200000| Untracked 
|  35|0x0000000082300000, 0x0000000082400000, 0x0000000082400000|100%| O|  |TAMS 0x0000000082300000| PB 0x0000000082300000| Untracked 
|  36|0x0000000082400000, 0x0000000082500000, 0x0000000082500000|100%| O|  |TAMS 0x0000000082400000| PB 0x0000000082400000| Untracked 
|  37|0x0000000082500000, 0x0000000082600000, 0x0000000082600000|100%| O|  |TAMS 0x0000000082500000| PB 0x0000000082500000| Untracked 
|  38|0x0000000082600000, 0x0000000082700000, 0x0000000082700000|100%| O|  |TAMS 0x0000000082600000| PB 0x0000000082600000| Untracked 
|  39|0x0000000082700000, 0x0000000082800000, 0x0000000082800000|100%|HS|  |TAMS 0x0000000082700000| PB 0x0000000082700000| Complete 
|  40|0x0000000082800000, 0x0000000082900000, 0x0000000082900000|100%| O|  |TAMS 0x0000000082800000| PB 0x0000000082800000| Untracked 
|  41|0x0000000082900000, 0x0000000082a00000, 0x0000000082a00000|100%| O|  |TAMS 0x0000000082900000| PB 0x0000000082900000| Untracked 
|  42|0x0000000082a00000, 0x0000000082b00000, 0x0000000082b00000|100%| O|  |TAMS 0x0000000082a00000| PB 0x0000000082a00000| Untracked 
|  43|0x0000000082b00000, 0x0000000082c00000, 0x0000000082c00000|100%| O|  |TAMS 0x0000000082b00000| PB 0x0000000082b00000| Untracked 
|  44|0x0000000082c00000, 0x0000000082d00000, 0x0000000082d00000|100%| O|  |TAMS 0x0000000082c00000| PB 0x0000000082c00000| Untracked 
|  45|0x0000000082d00000, 0x0000000082e00000, 0x0000000082e00000|100%| O|  |TAMS 0x0000000082d00000| PB 0x0000000082d00000| Untracked 
|  46|0x0000000082e00000, 0x0000000082f00000, 0x0000000082f00000|100%| O|  |TAMS 0x0000000082e00000| PB 0x0000000082e00000| Untracked 
|  47|0x0000000082f00000, 0x0000000083000000, 0x0000000083000000|100%| O|  |TAMS 0x0000000082f00000| PB 0x0000000082f00000| Untracked 
|  48|0x0000000083000000, 0x0000000083100000, 0x0000000083100000|100%| O|  |TAMS 0x0000000083000000| PB 0x0000000083000000| Untracked 
|  49|0x0000000083100000, 0x0000000083200000, 0x0000000083200000|100%| O|  |TAMS 0x0000000083100000| PB 0x0000000083100000| Untracked 
|  50|0x0000000083200000, 0x0000000083300000, 0x0000000083300000|100%|HS|  |TAMS 0x0000000083200000| PB 0x0000000083200000| Complete 
|  51|0x0000000083300000, 0x0000000083400000, 0x0000000083400000|100%|HS|  |TAMS 0x0000000083300000| PB 0x0000000083300000| Complete 
|  52|0x0000000083400000, 0x0000000083500000, 0x0000000083500000|100%|HC|  |TAMS 0x0000000083400000| PB 0x0000000083400000| Complete 
|  53|0x0000000083500000, 0x0000000083600000, 0x0000000083600000|100%|HS|  |TAMS 0x0000000083500000| PB 0x0000000083500000| Complete 
|  54|0x0000000083600000, 0x0000000083700000, 0x0000000083700000|100%|HS|  |TAMS 0x0000000083600000| PB 0x0000000083600000| Complete 
|  55|0x0000000083700000, 0x0000000083800000, 0x0000000083800000|100%| O|  |TAMS 0x0000000083700000| PB 0x0000000083700000| Untracked 
|  56|0x0000000083800000, 0x0000000083900000, 0x0000000083900000|100%|HS|  |TAMS 0x0000000083800000| PB 0x0000000083800000| Complete 
|  57|0x0000000083900000, 0x0000000083a00000, 0x0000000083a00000|100%|HS|  |TAMS 0x0000000083900000| PB 0x0000000083900000| Complete 
|  58|0x0000000083a00000, 0x0000000083b00000, 0x0000000083b00000|100%| O|  |TAMS 0x0000000083a00000| PB 0x0000000083a00000| Untracked 
|  59|0x0000000083b00000, 0x0000000083c00000, 0x0000000083c00000|100%| O|  |TAMS 0x0000000083b00000| PB 0x0000000083b00000| Untracked 
|  60|0x0000000083c00000, 0x0000000083d00000, 0x0000000083d00000|100%| O|  |TAMS 0x0000000083c00000| PB 0x0000000083c00000| Untracked 
|  61|0x0000000083d00000, 0x0000000083e00000, 0x0000000083e00000|100%|HS|  |TAMS 0x0000000083d00000| PB 0x0000000083d00000| Complete 
|  62|0x0000000083e00000, 0x0000000083f00000, 0x0000000083f00000|100%|HC|  |TAMS 0x0000000083e00000| PB 0x0000000083e00000| Complete 
|  63|0x0000000083f00000, 0x0000000084000000, 0x0000000084000000|100%| O|  |TAMS 0x0000000083f00000| PB 0x0000000083f00000| Untracked 
|  64|0x0000000084000000, 0x0000000084100000, 0x0000000084100000|100%| O|  |TAMS 0x0000000084000000| PB 0x0000000084000000| Untracked 
|  65|0x0000000084100000, 0x0000000084200000, 0x0000000084200000|100%| O|  |TAMS 0x0000000084100000| PB 0x0000000084100000| Untracked 
|  66|0x0000000084200000, 0x0000000084300000, 0x0000000084300000|100%| O|  |TAMS 0x0000000084200000| PB 0x0000000084200000| Untracked 
|  67|0x0000000084300000, 0x0000000084400000, 0x0000000084400000|100%| O|  |TAMS 0x0000000084300000| PB 0x0000000084300000| Untracked 
|  68|0x0000000084400000, 0x0000000084500000, 0x0000000084500000|100%| O|  |TAMS 0x0000000084400000| PB 0x0000000084400000| Untracked 
|  69|0x0000000084500000, 0x0000000084600000, 0x0000000084600000|100%| O|  |TAMS 0x0000000084500000| PB 0x0000000084500000| Untracked 
|  70|0x0000000084600000, 0x0000000084700000, 0x0000000084700000|100%| O|  |TAMS 0x0000000084600000| PB 0x0000000084600000| Untracked 
|  71|0x0000000084700000, 0x0000000084800000, 0x0000000084800000|100%|HS|  |TAMS 0x0000000084700000| PB 0x0000000084700000| Complete 
|  72|0x0000000084800000, 0x0000000084900000, 0x0000000084900000|100%| O|  |TAMS 0x0000000084800000| PB 0x0000000084800000| Untracked 
|  73|0x0000000084900000, 0x0000000084900000, 0x0000000084a00000|  0%| F|  |TAMS 0x0000000084900000| PB 0x0000000084900000| Untracked 
|  74|0x0000000084a00000, 0x0000000084b00000, 0x0000000084b00000|100%| O|  |TAMS 0x0000000084a00000| PB 0x0000000084a00000| Untracked 
|  75|0x0000000084b00000, 0x0000000084c00000, 0x0000000084c00000|100%| O|  |TAMS 0x0000000084b00000| PB 0x0000000084b00000| Untracked 
|  76|0x0000000084c00000, 0x0000000084d00000, 0x0000000084d00000|100%| O|  |TAMS 0x0000000084c00000| PB 0x0000000084c00000| Untracked 
|  77|0x0000000084d00000, 0x0000000084e00000, 0x0000000084e00000|100%| O|  |TAMS 0x0000000084d00000| PB 0x0000000084d00000| Untracked 
|  78|0x0000000084e00000, 0x0000000084f00000, 0x0000000084f00000|100%| O|  |TAMS 0x0000000084e00000| PB 0x0000000084e00000| Untracked 
|  79|0x0000000084f00000, 0x0000000085000000, 0x0000000085000000|100%| O|  |TAMS 0x0000000084f00000| PB 0x0000000084f00000| Untracked 
|  80|0x0000000085000000, 0x0000000085100000, 0x0000000085100000|100%| O|  |TAMS 0x0000000085000000| PB 0x0000000085000000| Untracked 
|  81|0x0000000085100000, 0x0000000085200000, 0x0000000085200000|100%| O|  |TAMS 0x0000000085100000| PB 0x0000000085100000| Untracked 
|  82|0x0000000085200000, 0x0000000085300000, 0x0000000085300000|100%| O|  |TAMS 0x0000000085200000| PB 0x0000000085200000| Untracked 
|  83|0x0000000085300000, 0x0000000085400000, 0x0000000085400000|100%| O|  |TAMS 0x0000000085300000| PB 0x0000000085300000| Untracked 
|  84|0x0000000085400000, 0x0000000085500000, 0x0000000085500000|100%| O|  |TAMS 0x0000000085400000| PB 0x0000000085400000| Untracked 
|  85|0x0000000085500000, 0x0000000085600000, 0x0000000085600000|100%| O|  |TAMS 0x0000000085500000| PB 0x0000000085500000| Untracked 
|  86|0x0000000085600000, 0x0000000085700000, 0x0000000085700000|100%| O|  |TAMS 0x0000000085600000| PB 0x0000000085600000| Untracked 
|  87|0x0000000085700000, 0x0000000085800000, 0x0000000085800000|100%| O|Cm|TAMS 0x0000000085700000| PB 0x0000000085700000| Complete 
|  88|0x0000000085800000, 0x0000000085900000, 0x0000000085900000|100%| O|  |TAMS 0x0000000085800000| PB 0x0000000085800000| Untracked 
|  89|0x0000000085900000, 0x0000000085a00000, 0x0000000085a00000|100%| O|  |TAMS 0x0000000085900000| PB 0x0000000085900000| Untracked 
|  90|0x0000000085a00000, 0x0000000085b00000, 0x0000000085b00000|100%| O|  |TAMS 0x0000000085a00000| PB 0x0000000085a00000| Untracked 
|  91|0x0000000085b00000, 0x0000000085c00000, 0x0000000085c00000|100%| O|  |TAMS 0x0000000085b00000| PB 0x0000000085b00000| Untracked 
|  92|0x0000000085c00000, 0x0000000085d00000, 0x0000000085d00000|100%| O|  |TAMS 0x0000000085c00000| PB 0x0000000085c00000| Untracked 
|  93|0x0000000085d00000, 0x0000000085e00000, 0x0000000085e00000|100%| O|  |TAMS 0x0000000085d00000| PB 0x0000000085d00000| Untracked 
|  94|0x0000000085e00000, 0x0000000085f00000, 0x0000000085f00000|100%|HS|  |TAMS 0x0000000085e00000| PB 0x0000000085e00000| Complete 
|  95|0x0000000085f00000, 0x0000000086000000, 0x0000000086000000|100%|HC|  |TAMS 0x0000000085f00000| PB 0x0000000085f00000| Complete 
|  96|0x0000000086000000, 0x0000000086100000, 0x0000000086100000|100%|HC|  |TAMS 0x0000000086000000| PB 0x0000000086000000| Complete 
|  97|0x0000000086100000, 0x0000000086200000, 0x0000000086200000|100%| O|  |TAMS 0x0000000086100000| PB 0x0000000086100000| Untracked 
|  98|0x0000000086200000, 0x0000000086300000, 0x0000000086300000|100%| O|  |TAMS 0x0000000086200000| PB 0x0000000086200000| Untracked 
|  99|0x0000000086300000, 0x0000000086400000, 0x0000000086400000|100%| O|  |TAMS 0x0000000086300000| PB 0x0000000086300000| Untracked 
| 100|0x0000000086400000, 0x0000000086500000, 0x0000000086500000|100%| O|  |TAMS 0x0000000086400000| PB 0x0000000086400000| Untracked 
| 101|0x0000000086500000, 0x0000000086600000, 0x0000000086600000|100%| O|  |TAMS 0x0000000086500000| PB 0x0000000086500000| Untracked 
| 102|0x0000000086600000, 0x0000000086700000, 0x0000000086700000|100%| O|  |TAMS 0x0000000086600000| PB 0x0000000086600000| Untracked 
| 103|0x0000000086700000, 0x0000000086800000, 0x0000000086800000|100%| O|  |TAMS 0x0000000086700000| PB 0x0000000086700000| Untracked 
| 104|0x0000000086800000, 0x0000000086900000, 0x0000000086900000|100%| O|  |TAMS 0x0000000086800000| PB 0x0000000086800000| Untracked 
| 105|0x0000000086900000, 0x0000000086a00000, 0x0000000086a00000|100%| O|  |TAMS 0x0000000086900000| PB 0x0000000086900000| Untracked 
| 106|0x0000000086a00000, 0x0000000086b00000, 0x0000000086b00000|100%| O|  |TAMS 0x0000000086a00000| PB 0x0000000086a00000| Untracked 
| 107|0x0000000086b00000, 0x0000000086c00000, 0x0000000086c00000|100%| O|  |TAMS 0x0000000086b00000| PB 0x0000000086b00000| Untracked 
| 108|0x0000000086c00000, 0x0000000086d00000, 0x0000000086d00000|100%| O|  |TAMS 0x0000000086c00000| PB 0x0000000086c00000| Untracked 
| 109|0x0000000086d00000, 0x0000000086e00000, 0x0000000086e00000|100%| O|  |TAMS 0x0000000086d00000| PB 0x0000000086d00000| Untracked 
| 110|0x0000000086e00000, 0x0000000086f00000, 0x0000000086f00000|100%| O|  |TAMS 0x0000000086e00000| PB 0x0000000086e00000| Untracked 
| 111|0x0000000086f00000, 0x0000000087000000, 0x0000000087000000|100%| O|  |TAMS 0x0000000086f00000| PB 0x0000000086f00000| Untracked 
| 112|0x0000000087000000, 0x00000000870bdc70, 0x0000000087100000| 74%| O|  |TAMS 0x0000000087000000| PB 0x0000000087000000| Untracked 
| 113|0x0000000087100000, 0x0000000087200000, 0x0000000087200000|100%| O|  |TAMS 0x0000000087100000| PB 0x0000000087100000| Untracked 
| 114|0x0000000087200000, 0x0000000087200000, 0x0000000087300000|  0%| F|  |TAMS 0x0000000087200000| PB 0x0000000087200000| Untracked 
| 115|0x0000000087300000, 0x0000000087300000, 0x0000000087400000|  0%| F|  |TAMS 0x0000000087300000| PB 0x0000000087300000| Untracked 
| 116|0x0000000087400000, 0x0000000087400000, 0x0000000087500000|  0%| F|  |TAMS 0x0000000087400000| PB 0x0000000087400000| Untracked 
| 117|0x0000000087500000, 0x0000000087500000, 0x0000000087600000|  0%| F|  |TAMS 0x0000000087500000| PB 0x0000000087500000| Untracked 
| 118|0x0000000087600000, 0x0000000087600000, 0x0000000087700000|  0%| F|  |TAMS 0x0000000087600000| PB 0x0000000087600000| Untracked 
| 119|0x0000000087700000, 0x0000000087700000, 0x0000000087800000|  0%| F|  |TAMS 0x0000000087700000| PB 0x0000000087700000| Untracked 
| 120|0x0000000087800000, 0x0000000087800000, 0x0000000087900000|  0%| F|  |TAMS 0x0000000087800000| PB 0x0000000087800000| Untracked 
| 121|0x0000000087900000, 0x0000000087900000, 0x0000000087a00000|  0%| F|  |TAMS 0x0000000087900000| PB 0x0000000087900000| Untracked 
| 122|0x0000000087a00000, 0x0000000087a00000, 0x0000000087b00000|  0%| F|  |TAMS 0x0000000087a00000| PB 0x0000000087a00000| Untracked 
| 123|0x0000000087b00000, 0x0000000087b00000, 0x0000000087c00000|  0%| F|  |TAMS 0x0000000087b00000| PB 0x0000000087b00000| Untracked 
| 124|0x0000000087c00000, 0x0000000087c00000, 0x0000000087d00000|  0%| F|  |TAMS 0x0000000087c00000| PB 0x0000000087c00000| Untracked 
| 125|0x0000000087d00000, 0x0000000087d43038, 0x0000000087e00000| 26%| E|  |TAMS 0x0000000087d00000| PB 0x0000000087d00000| Complete 
| 126|0x0000000087e00000, 0x0000000087f00000, 0x0000000087f00000|100%| E|CS|TAMS 0x0000000087e00000| PB 0x0000000087e00000| Complete 
| 127|0x0000000087f00000, 0x0000000087f79f80, 0x0000000088000000| 47%| S|CS|TAMS 0x0000000087f00000| PB 0x0000000087f00000| Complete 
| 128|0x0000000088000000, 0x0000000088100000, 0x0000000088100000|100%| S|CS|TAMS 0x0000000088000000| PB 0x0000000088000000| Complete 
| 129|0x0000000088100000, 0x0000000088200000, 0x0000000088200000|100%| E|CS|TAMS 0x0000000088100000| PB 0x0000000088100000| Complete 
| 130|0x0000000088200000, 0x0000000088300000, 0x0000000088300000|100%| S|CS|TAMS 0x0000000088200000| PB 0x0000000088200000| Complete 
| 131|0x0000000088300000, 0x0000000088400000, 0x0000000088400000|100%| S|CS|TAMS 0x0000000088300000| PB 0x0000000088300000| Complete 
| 132|0x0000000088400000, 0x0000000088500000, 0x0000000088500000|100%| S|CS|TAMS 0x0000000088400000| PB 0x0000000088400000| Complete 
| 133|0x0000000088500000, 0x0000000088600000, 0x0000000088600000|100%| S|CS|TAMS 0x0000000088500000| PB 0x0000000088500000| Complete 
| 134|0x0000000088600000, 0x0000000088700000, 0x0000000088700000|100%| E|CS|TAMS 0x0000000088600000| PB 0x0000000088600000| Complete 
| 135|0x0000000088700000, 0x0000000088800000, 0x0000000088800000|100%| E|CS|TAMS 0x0000000088700000| PB 0x0000000088700000| Complete 
| 136|0x0000000088800000, 0x0000000088900000, 0x0000000088900000|100%| E|CS|TAMS 0x0000000088800000| PB 0x0000000088800000| Complete 
| 137|0x0000000088900000, 0x0000000088a00000, 0x0000000088a00000|100%| E|CS|TAMS 0x0000000088900000| PB 0x0000000088900000| Complete 
| 138|0x0000000088a00000, 0x0000000088afffa8, 0x0000000088b00000| 99%| E|  |TAMS 0x0000000088a00000| PB 0x0000000088a00000| Complete 
| 139|0x0000000088b00000, 0x0000000088c00000, 0x0000000088c00000|100%| E|CS|TAMS 0x0000000088b00000| PB 0x0000000088b00000| Complete 
| 140|0x0000000088c00000, 0x0000000088d00000, 0x0000000088d00000|100%| E|CS|TAMS 0x0000000088c00000| PB 0x0000000088c00000| Complete 
| 141|0x0000000088d00000, 0x0000000088e00000, 0x0000000088e00000|100%| E|CS|TAMS 0x0000000088d00000| PB 0x0000000088d00000| Complete 
| 142|0x0000000088e00000, 0x0000000088f00000, 0x0000000088f00000|100%| E|CS|TAMS 0x0000000088e00000| PB 0x0000000088e00000| Complete 
| 143|0x0000000088f00000, 0x0000000089000000, 0x0000000089000000|100%| E|CS|TAMS 0x0000000088f00000| PB 0x0000000088f00000| Complete 
| 144|0x0000000089000000, 0x0000000089100000, 0x0000000089100000|100%| E|CS|TAMS 0x0000000089000000| PB 0x0000000089000000| Complete 
| 145|0x0000000089100000, 0x0000000089200000, 0x0000000089200000|100%| E|CS|TAMS 0x0000000089100000| PB 0x0000000089100000| Complete 
| 146|0x0000000089200000, 0x0000000089300000, 0x0000000089300000|100%| E|CS|TAMS 0x0000000089200000| PB 0x0000000089200000| Complete 
| 147|0x0000000089300000, 0x0000000089400000, 0x0000000089400000|100%| E|CS|TAMS 0x0000000089300000| PB 0x0000000089300000| Complete 
| 148|0x0000000089400000, 0x0000000089500000, 0x0000000089500000|100%| E|CS|TAMS 0x0000000089400000| PB 0x0000000089400000| Complete 
| 149|0x0000000089500000, 0x0000000089600000, 0x0000000089600000|100%| E|CS|TAMS 0x0000000089500000| PB 0x0000000089500000| Complete 
| 150|0x0000000089600000, 0x0000000089700000, 0x0000000089700000|100%| E|CS|TAMS 0x0000000089600000| PB 0x0000000089600000| Complete 
| 151|0x0000000089700000, 0x0000000089800000, 0x0000000089800000|100%| E|CS|TAMS 0x0000000089700000| PB 0x0000000089700000| Complete 
| 152|0x0000000089800000, 0x0000000089900000, 0x0000000089900000|100%| E|CS|TAMS 0x0000000089800000| PB 0x0000000089800000| Complete 
| 153|0x0000000089900000, 0x0000000089a00000, 0x0000000089a00000|100%| E|CS|TAMS 0x0000000089900000| PB 0x0000000089900000| Complete 
| 154|0x0000000089a00000, 0x0000000089b00000, 0x0000000089b00000|100%| E|CS|TAMS 0x0000000089a00000| PB 0x0000000089a00000| Complete 
| 155|0x0000000089b00000, 0x0000000089c00000, 0x0000000089c00000|100%| E|CS|TAMS 0x0000000089b00000| PB 0x0000000089b00000| Complete 
| 156|0x0000000089c00000, 0x0000000089d00000, 0x0000000089d00000|100%| E|CS|TAMS 0x0000000089c00000| PB 0x0000000089c00000| Complete 
| 157|0x0000000089d00000, 0x0000000089e00000, 0x0000000089e00000|100%| E|CS|TAMS 0x0000000089d00000| PB 0x0000000089d00000| Complete 
| 158|0x0000000089e00000, 0x0000000089f00000, 0x0000000089f00000|100%| E|CS|TAMS 0x0000000089e00000| PB 0x0000000089e00000| Complete 
| 159|0x0000000089f00000, 0x000000008a000000, 0x000000008a000000|100%| E|CS|TAMS 0x0000000089f00000| PB 0x0000000089f00000| Complete 
| 160|0x000000008a000000, 0x000000008a100000, 0x000000008a100000|100%| E|CS|TAMS 0x000000008a000000| PB 0x000000008a000000| Complete 
| 161|0x000000008a100000, 0x000000008a200000, 0x000000008a200000|100%| E|CS|TAMS 0x000000008a100000| PB 0x000000008a100000| Complete 
| 162|0x000000008a200000, 0x000000008a300000, 0x000000008a300000|100%| E|CS|TAMS 0x000000008a200000| PB 0x000000008a200000| Complete 
| 163|0x000000008a300000, 0x000000008a400000, 0x000000008a400000|100%| E|CS|TAMS 0x000000008a300000| PB 0x000000008a300000| Complete 
| 164|0x000000008a400000, 0x000000008a500000, 0x000000008a500000|100%| E|CS|TAMS 0x000000008a400000| PB 0x000000008a400000| Complete 
| 165|0x000000008a500000, 0x000000008a600000, 0x000000008a600000|100%| E|CS|TAMS 0x000000008a500000| PB 0x000000008a500000| Complete 
| 166|0x000000008a600000, 0x000000008a700000, 0x000000008a700000|100%| E|CS|TAMS 0x000000008a600000| PB 0x000000008a600000| Complete 
| 167|0x000000008a700000, 0x000000008a800000, 0x000000008a800000|100%| E|CS|TAMS 0x000000008a700000| PB 0x000000008a700000| Complete 
| 168|0x000000008a800000, 0x000000008a900000, 0x000000008a900000|100%| E|CS|TAMS 0x000000008a800000| PB 0x000000008a800000| Complete 
| 169|0x000000008a900000, 0x000000008aa00000, 0x000000008aa00000|100%| E|CS|TAMS 0x000000008a900000| PB 0x000000008a900000| Complete 
| 170|0x000000008aa00000, 0x000000008ab00000, 0x000000008ab00000|100%| E|CS|TAMS 0x000000008aa00000| PB 0x000000008aa00000| Complete 
| 171|0x000000008ab00000, 0x000000008ac00000, 0x000000008ac00000|100%| E|CS|TAMS 0x000000008ab00000| PB 0x000000008ab00000| Complete 
| 172|0x000000008ac00000, 0x000000008ad00000, 0x000000008ad00000|100%| E|CS|TAMS 0x000000008ac00000| PB 0x000000008ac00000| Complete 
| 173|0x000000008ad00000, 0x000000008ae00000, 0x000000008ae00000|100%| E|CS|TAMS 0x000000008ad00000| PB 0x000000008ad00000| Complete 
| 174|0x000000008ae00000, 0x000000008af00000, 0x000000008af00000|100%| E|CS|TAMS 0x000000008ae00000| PB 0x000000008ae00000| Complete 
| 175|0x000000008af00000, 0x000000008b000000, 0x000000008b000000|100%| E|CS|TAMS 0x000000008af00000| PB 0x000000008af00000| Complete 
| 176|0x000000008b000000, 0x000000008b100000, 0x000000008b100000|100%| E|CS|TAMS 0x000000008b000000| PB 0x000000008b000000| Complete 
| 177|0x000000008b100000, 0x000000008b200000, 0x000000008b200000|100%| E|CS|TAMS 0x000000008b100000| PB 0x000000008b100000| Complete 
| 178|0x000000008b200000, 0x000000008b300000, 0x000000008b300000|100%| E|CS|TAMS 0x000000008b200000| PB 0x000000008b200000| Complete 
| 179|0x000000008b300000, 0x000000008b400000, 0x000000008b400000|100%| E|CS|TAMS 0x000000008b300000| PB 0x000000008b300000| Complete 
| 180|0x000000008b400000, 0x000000008b500000, 0x000000008b500000|100%| E|CS|TAMS 0x000000008b400000| PB 0x000000008b400000| Complete 
| 181|0x000000008b500000, 0x000000008b600000, 0x000000008b600000|100%| E|CS|TAMS 0x000000008b500000| PB 0x000000008b500000| Complete 
| 182|0x000000008b600000, 0x000000008b700000, 0x000000008b700000|100%| E|CS|TAMS 0x000000008b600000| PB 0x000000008b600000| Complete 
| 183|0x000000008b700000, 0x000000008b800000, 0x000000008b800000|100%| E|CS|TAMS 0x000000008b700000| PB 0x000000008b700000| Complete 
| 184|0x000000008b800000, 0x000000008b900000, 0x000000008b900000|100%| E|CS|TAMS 0x000000008b800000| PB 0x000000008b800000| Complete 
| 185|0x000000008b900000, 0x000000008ba00000, 0x000000008ba00000|100%| E|CS|TAMS 0x000000008b900000| PB 0x000000008b900000| Complete 
| 186|0x000000008ba00000, 0x000000008bb00000, 0x000000008bb00000|100%| E|CS|TAMS 0x000000008ba00000| PB 0x000000008ba00000| Complete 
| 187|0x000000008bb00000, 0x000000008bc00000, 0x000000008bc00000|100%| E|CS|TAMS 0x000000008bb00000| PB 0x000000008bb00000| Complete 
| 188|0x000000008bc00000, 0x000000008bd00000, 0x000000008bd00000|100%| E|CS|TAMS 0x000000008bc00000| PB 0x000000008bc00000| Complete 
| 189|0x000000008bd00000, 0x000000008be00000, 0x000000008be00000|100%| E|CS|TAMS 0x000000008bd00000| PB 0x000000008bd00000| Complete 
| 190|0x000000008be00000, 0x000000008bf00000, 0x000000008bf00000|100%| E|CS|TAMS 0x000000008be00000| PB 0x000000008be00000| Complete 
| 191|0x000000008bf00000, 0x000000008c000000, 0x000000008c000000|100%| E|CS|TAMS 0x000000008bf00000| PB 0x000000008bf00000| Complete 
| 192|0x000000008c000000, 0x000000008c100000, 0x000000008c100000|100%| E|CS|TAMS 0x000000008c000000| PB 0x000000008c000000| Complete 
| 193|0x000000008c100000, 0x000000008c200000, 0x000000008c200000|100%| E|CS|TAMS 0x000000008c100000| PB 0x000000008c100000| Complete 
| 194|0x000000008c200000, 0x000000008c300000, 0x000000008c300000|100%| E|CS|TAMS 0x000000008c200000| PB 0x000000008c200000| Complete 
| 195|0x000000008c300000, 0x000000008c400000, 0x000000008c400000|100%| E|CS|TAMS 0x000000008c300000| PB 0x000000008c300000| Complete 
| 196|0x000000008c400000, 0x000000008c500000, 0x000000008c500000|100%| E|CS|TAMS 0x000000008c400000| PB 0x000000008c400000| Complete 
|2030|0x00000000fee00000, 0x00000000fef00000, 0x00000000fef00000|100%| E|CS|TAMS 0x00000000fee00000| PB 0x00000000fee00000| Complete 
|2031|0x00000000fef00000, 0x00000000ff000000, 0x00000000ff000000|100%| E|CS|TAMS 0x00000000fef00000| PB 0x00000000fef00000| Complete 
|2032|0x00000000ff000000, 0x00000000ff100000, 0x00000000ff100000|100%| E|CS|TAMS 0x00000000ff000000| PB 0x00000000ff000000| Complete 
|2033|0x00000000ff100000, 0x00000000ff200000, 0x00000000ff200000|100%| E|CS|TAMS 0x00000000ff100000| PB 0x00000000ff100000| Complete 
|2034|0x00000000ff200000, 0x00000000ff300000, 0x00000000ff300000|100%| E|CS|TAMS 0x00000000ff200000| PB 0x00000000ff200000| Complete 
|2035|0x00000000ff300000, 0x00000000ff400000, 0x00000000ff400000|100%| O|  |TAMS 0x00000000ff300000| PB 0x00000000ff300000| Untracked 
|2036|0x00000000ff400000, 0x00000000ff500000, 0x00000000ff500000|100%| O|  |TAMS 0x00000000ff400000| PB 0x00000000ff400000| Untracked 
|2037|0x00000000ff500000, 0x00000000ff600000, 0x00000000ff600000|100%| O|  |TAMS 0x00000000ff500000| PB 0x00000000ff500000| Untracked 
|2038|0x00000000ff600000, 0x00000000ff700000, 0x00000000ff700000|100%| E|CS|TAMS 0x00000000ff600000| PB 0x00000000ff600000| Complete 
|2039|0x00000000ff700000, 0x00000000ff800000, 0x00000000ff800000|100%| O|  |TAMS 0x00000000ff700000| PB 0x00000000ff700000| Untracked 
|2040|0x00000000ff800000, 0x00000000ff900000, 0x00000000ff900000|100%| O|Cm|TAMS 0x00000000ff800000| PB 0x00000000ff800000| Complete 
|2041|0x00000000ff900000, 0x00000000ffa00000, 0x00000000ffa00000|100%| O|  |TAMS 0x00000000ff900000| PB 0x00000000ff900000| Untracked 
|2042|0x00000000ffa00000, 0x00000000ffb00000, 0x00000000ffb00000|100%| O|  |TAMS 0x00000000ffa00000| PB 0x00000000ffa00000| Untracked 
|2043|0x00000000ffb00000, 0x00000000ffc00000, 0x00000000ffc00000|100%| E|CS|TAMS 0x00000000ffb00000| PB 0x00000000ffb00000| Complete 
|2044|0x00000000ffc00000, 0x00000000ffd00000, 0x00000000ffd00000|100%| O|  |TAMS 0x00000000ffc00000| PB 0x00000000ffc00000| Untracked 
|2045|0x00000000ffd00000, 0x00000000ffe00000, 0x00000000ffe00000|100%| E|CS|TAMS 0x00000000ffd00000| PB 0x00000000ffd00000| Complete 
|2046|0x00000000ffe00000, 0x00000000fff00000, 0x00000000fff00000|100%| O|  |TAMS 0x00000000ffe00000| PB 0x00000000ffe00000| Untracked 
|2047|0x00000000fff00000, 0x0000000100000000, 0x0000000100000000|100%| O|  |TAMS 0x00000000fff00000| PB 0x00000000fff00000| Untracked 

Card table byte_map: [0x0000000015040000,0x0000000015440000] _byte_map_base: 0x0000000014c40000

Marking Bits: (CMBitMap*) 0x0000000002b3f4a0
 Bits: [0x0000000015440000, 0x0000000017440000)

Polling page: 0x0000000000ad0000

Metaspace:

Usage:
  Non-class:    112.53 MB used.
      Class:     18.09 MB used.
       Both:    130.62 MB used.

Virtual space:
  Non-class space:      128.00 MB reserved,     113.69 MB ( 89%) committed,  2 nodes.
      Class space:        1.00 GB reserved,      19.19 MB (  2%) committed,  1 nodes.
             Both:        1.12 GB reserved,     132.88 MB ( 12%) committed. 

Chunk freelists:
   Non-Class:  13.94 MB
       Class:  12.75 MB
        Both:  26.69 MB

MaxMetaspaceSize: unlimited
CompressedClassSpaceSize: 1.00 GB
Initial GC threshold: 21.00 MB
Current GC threshold: 219.81 MB
CDS: off
 - commit_granule_bytes: 65536.
 - commit_granule_words: 8192.
 - virtual_space_node_default_size: 8388608.
 - enlarge_chunks_in_place: 1.
 - use_allocation_guard: 0.


Internal statistics:

num_allocs_failed_limit: 6.
num_arena_births: 4736.
num_arena_deaths: 0.
num_vsnodes_births: 3.
num_vsnodes_deaths: 0.
num_space_committed: 2125.
num_space_uncommitted: 0.
num_chunks_returned_to_freelist: 6.
num_chunks_taken_from_freelist: 10495.
num_chunk_merges: 3.
num_chunk_splits: 6767.
num_chunks_enlarged: 4184.
num_inconsistent_stats: 0.

CodeHeap 'non-profiled nmethods': size=120000Kb used=9321Kb max_used=9350Kb free=110678Kb
 bounds [0x000000000d710000, 0x000000000e040000, 0x0000000014c40000]
CodeHeap 'profiled nmethods': size=120000Kb used=24603Kb max_used=24603Kb free=95396Kb
 bounds [0x0000000005c40000, 0x0000000007450000, 0x000000000d170000]
CodeHeap 'non-nmethods': size=5760Kb used=2109Kb max_used=2164Kb free=3651Kb
 bounds [0x000000000d170000, 0x000000000d3e0000, 0x000000000d710000]
CodeCache: size=245760Kb, used=36033Kb, max_used=36117Kb, free=209725Kb
 total_blobs=14227, nmethods=13248, adapters=883, full_count=0
Compilation: enabled, stopped_count=0, restarted_count=0

Compilation events (20 events):
Event: 235.453 Thread 0x000000001a1c1260 16477       1       org.gradle.internal.operations.OperationFinishEvent::getStartTime (5 bytes)
Event: 235.454 Thread 0x000000001a1c1260 nmethod 16477 0x000000000dbdb810 code [0x000000000dbdb9a0, 0x000000000dbdba68]
Event: 235.475 Thread 0x000000001a1c1260 16478       1       org.gradle.internal.build.event.types.DefaultTaskDescriptor::getDisplayName (5 bytes)
Event: 235.475 Thread 0x000000001a1c1260 nmethod 16478 0x000000000dbdb510 code [0x000000000dbdb6a0, 0x000000000dbdb768]
Event: 235.480 Thread 0x000000001a1c1260 16479       3       java.lang.StackTraceElement::equals (120 bytes)
Event: 235.482 Thread 0x000000001a1c1260 nmethod 16479 0x00000000073e7890 code [0x00000000073e7b00, 0x00000000073e8698]
Event: 235.648 Thread 0x000000001a1c1260 16480       1       java.lang.StackTraceElement::getLineNumber (5 bytes)
Event: 235.648 Thread 0x000000001a1c1260 nmethod 16480 0x000000000dbdb010 code [0x000000000dbdb1a0, 0x000000000dbdb268]
Event: 235.649 Thread 0x000000001a1c1260 16481       1       java.lang.StackTraceElement::getFileName (5 bytes)
Event: 235.649 Thread 0x000000001a1c1260 nmethod 16481 0x000000000df7dd90 code [0x000000000df7df20, 0x000000000df7dfe8]
Event: 235.653 Thread 0x000000001a1c1260 16482       3       org.gradle.internal.problems.DefaultProblemLocationAnalyzer::tryGetLocation (55 bytes)
Event: 235.654 Thread 0x000000001a1c1260 nmethod 16482 0x00000000073d6b90 code [0x00000000073d6d80, 0x00000000073d7240]
Event: 235.702 Thread 0x000000001a1c1260 16483       3       org.codehaus.groovy.runtime.StackTraceUtils::isApplicationClass (84 bytes)
Event: 235.704 Thread 0x000000001a1c1260 nmethod 16483 0x0000000007446b10 code [0x0000000007446d60, 0x0000000007447760]
Event: 235.723 Thread 0x000000001a1c1260 16484       3       java.lang.Thread::onSpinWait (1 bytes)
Event: 235.723 Thread 0x000000001a1c1260 nmethod 16484 0x00000000067daf90 code [0x00000000067db120, 0x00000000067db208]
Event: 235.725 Thread 0x000000001a134150 16485       4       java.util.concurrent.FutureTask::finishCompletion (71 bytes)
Event: 235.726 Thread 0x000000001a1c1260 16486       3       java.util.concurrent.atomic.AtomicReference::getAndSet (9 bytes)
Event: 235.728 Thread 0x000000001a1c1260 nmethod 16486 0x0000000007447b10 code [0x0000000007447da0, 0x0000000007448908]
Event: 235.728 Thread 0x000000001a1c1260 16487       3       java.lang.invoke.LambdaForm$MH/0x00000001001b8c00::invoke (57 bytes)

GC Heap History (20 events):
Event: 143.799 GC heap before
{Heap before GC invocations=76 (full 0):
 garbage-first heap   total 215040K, used 194523K [0x0000000080000000, 0x0000000100000000)
  region size 1024K, 67 young (68608K), 2 survivors (2048K)
 Metaspace       used 130114K, committed 132480K, reserved 1179648K
  class space    used 18128K, committed 19264K, reserved 1048576K
}
Event: 143.809 GC heap after
{Heap after GC invocations=77 (full 0):
 garbage-first heap   total 215040K, used 127882K [0x0000000080000000, 0x0000000100000000)
  region size 1024K, 2 young (2048K), 2 survivors (2048K)
 Metaspace       used 130114K, committed 132480K, reserved 1179648K
  class space    used 18128K, committed 19264K, reserved 1048576K
}
Event: 150.062 GC heap before
{Heap before GC invocations=77 (full 0):
 garbage-first heap   total 215040K, used 201610K [0x0000000080000000, 0x0000000100000000)
  region size 1024K, 75 young (76800K), 2 survivors (2048K)
 Metaspace       used 130324K, committed 132672K, reserved 1179648K
  class space    used 18156K, committed 19264K, reserved 1048576K
}
Event: 150.104 GC heap after
{Heap after GC invocations=78 (full 0):
 garbage-first heap   total 215040K, used 128576K [0x0000000080000000, 0x0000000100000000)
  region size 1024K, 3 young (3072K), 3 survivors (3072K)
 Metaspace       used 130324K, committed 132672K, reserved 1179648K
  class space    used 18156K, committed 19264K, reserved 1048576K
}
Event: 157.310 GC heap before
{Heap before GC invocations=78 (full 0):
 garbage-first heap   total 215040K, used 202304K [0x0000000080000000, 0x0000000100000000)
  region size 1024K, 75 young (76800K), 3 survivors (3072K)
 Metaspace       used 130511K, committed 132864K, reserved 1179648K
  class space    used 18193K, committed 19328K, reserved 1048576K
}
Event: 157.323 GC heap after
{Heap after GC invocations=79 (full 0):
 garbage-first heap   total 215040K, used 128914K [0x0000000080000000, 0x0000000100000000)
  region size 1024K, 3 young (3072K), 3 survivors (3072K)
 Metaspace       used 130511K, committed 132864K, reserved 1179648K
  class space    used 18193K, committed 19328K, reserved 1048576K
}
Event: 186.241 GC heap before
{Heap before GC invocations=80 (full 0):
 garbage-first heap   total 217088K, used 208786K [0x0000000080000000, 0x0000000100000000)
  region size 1024K, 74 young (75776K), 3 survivors (3072K)
 Metaspace       used 132151K, committed 134528K, reserved 1179648K
  class space    used 18315K, committed 19456K, reserved 1048576K
}
Event: 186.257 GC heap after
{Heap after GC invocations=81 (full 0):
 garbage-first heap   total 217088K, used 129523K [0x0000000080000000, 0x0000000100000000)
  region size 1024K, 4 young (4096K), 4 survivors (4096K)
 Metaspace       used 132151K, committed 134528K, reserved 1179648K
  class space    used 18315K, committed 19456K, reserved 1048576K
}
Event: 190.217 GC heap before
{Heap before GC invocations=81 (full 0):
 garbage-first heap   total 217088K, used 202227K [0x0000000080000000, 0x0000000100000000)
  region size 1024K, 76 young (77824K), 4 survivors (4096K)
 Metaspace       used 132164K, committed 134528K, reserved 1179648K
  class space    used 18315K, committed 19456K, reserved 1048576K
}
Event: 190.244 GC heap after
{Heap after GC invocations=82 (full 0):
 garbage-first heap   total 217088K, used 129380K [0x0000000080000000, 0x0000000100000000)
  region size 1024K, 4 young (4096K), 4 survivors (4096K)
 Metaspace       used 132164K, committed 134528K, reserved 1179648K
  class space    used 18315K, committed 19456K, reserved 1048576K
}
Event: 191.447 GC heap before
{Heap before GC invocations=82 (full 0):
 garbage-first heap   total 217088K, used 203108K [0x0000000080000000, 0x0000000100000000)
  region size 1024K, 77 young (78848K), 4 survivors (4096K)
 Metaspace       used 132164K, committed 134528K, reserved 1179648K
  class space    used 18315K, committed 19456K, reserved 1048576K
}
Event: 191.465 GC heap after
{Heap after GC invocations=83 (full 0):
 garbage-first heap   total 217088K, used 129449K [0x0000000080000000, 0x0000000100000000)
  region size 1024K, 4 young (4096K), 4 survivors (4096K)
 Metaspace       used 132164K, committed 134528K, reserved 1179648K
  class space    used 18315K, committed 19456K, reserved 1048576K
}
Event: 195.679 GC heap before
{Heap before GC invocations=84 (full 0):
 garbage-first heap   total 217088K, used 203177K [0x0000000080000000, 0x0000000100000000)
  region size 1024K, 77 young (78848K), 4 survivors (4096K)
 Metaspace       used 132231K, committed 134592K, reserved 1179648K
  class space    used 18322K, committed 19456K, reserved 1048576K
}
Event: 195.710 GC heap after
{Heap after GC invocations=85 (full 0):
 garbage-first heap   total 217088K, used 130204K [0x0000000080000000, 0x0000000100000000)
  region size 1024K, 5 young (5120K), 5 survivors (5120K)
 Metaspace       used 132231K, committed 134592K, reserved 1179648K
  class space    used 18322K, committed 19456K, reserved 1048576K
}
Event: 208.427 GC heap before
{Heap before GC invocations=85 (full 0):
 garbage-first heap   total 217088K, used 202908K [0x0000000080000000, 0x0000000100000000)
  region size 1024K, 77 young (78848K), 5 survivors (5120K)
 Metaspace       used 132235K, committed 134592K, reserved 1179648K
  class space    used 18323K, committed 19456K, reserved 1048576K
}
Event: 208.466 GC heap after
{Heap after GC invocations=86 (full 0):
 garbage-first heap   total 217088K, used 130214K [0x0000000080000000, 0x0000000100000000)
  region size 1024K, 5 young (5120K), 5 survivors (5120K)
 Metaspace       used 132235K, committed 134592K, reserved 1179648K
  class space    used 18323K, committed 19456K, reserved 1048576K
}
Event: 211.412 GC heap before
{Heap before GC invocations=86 (full 0):
 garbage-first heap   total 217088K, used 203942K [0x0000000080000000, 0x0000000100000000)
  region size 1024K, 77 young (78848K), 5 survivors (5120K)
 Metaspace       used 132482K, committed 134848K, reserved 1179648K
  class space    used 18344K, committed 19520K, reserved 1048576K
}
Event: 211.439 GC heap after
{Heap after GC invocations=87 (full 0):
 garbage-first heap   total 217088K, used 130856K [0x0000000080000000, 0x0000000100000000)
  region size 1024K, 6 young (6144K), 6 survivors (6144K)
 Metaspace       used 132482K, committed 134848K, reserved 1179648K
  class space    used 18344K, committed 19520K, reserved 1048576K
}
Event: 213.706 GC heap before
{Heap before GC invocations=88 (full 0):
 garbage-first heap   total 220160K, used 202536K [0x0000000080000000, 0x0000000100000000)
  region size 1024K, 77 young (78848K), 6 survivors (6144K)
 Metaspace       used 132917K, committed 135296K, reserved 1179648K
  class space    used 18415K, committed 19584K, reserved 1048576K
}
Event: 213.742 GC heap after
{Heap after GC invocations=89 (full 0):
 garbage-first heap   total 220160K, used 131294K [0x0000000080000000, 0x0000000100000000)
  region size 1024K, 6 young (6144K), 6 survivors (6144K)
 Metaspace       used 132917K, committed 135296K, reserved 1179648K
  class space    used 18415K, committed 19584K, reserved 1048576K
}

Dll operation events (3 events):
Event: 0.064 Loaded shared library C:\Program Files\Android\Android Studio\jbr\bin\java.dll
Event: 0.110 Loaded shared library C:\Program Files\Android\Android Studio\jbr\bin\zip.dll
Event: 5.795 Loaded shared library C:\Program Files\Android\Android Studio\jbr\bin\verify.dll

Deoptimization events (20 events):
Event: 235.377 Thread 0x00000000236b7aa0 Uncommon trap: trap_request=0xffffff45 fr.pc=0x000000000db88414 relative=0x0000000000000c94
Event: 235.377 Thread 0x00000000236b7aa0 Uncommon trap: reason=unstable_if action=reinterpret pc=0x000000000db88414 method=java.lang.Thread.getAndClearInterrupt()Z @ 6 c2
Event: 235.378 Thread 0x00000000236b7aa0 DEOPT PACKING pc=0x000000000db88414 sp=0x000000002d3cf430
Event: 235.378 Thread 0x00000000236b7aa0 DEOPT UNPACKING pc=0x000000000d1c43a2 sp=0x000000002d3cf318 mode 2
Event: 235.449 Thread 0x0000000025c2ec20 Uncommon trap: trap_request=0xffffffbe fr.pc=0x000000000dba9738 relative=0x0000000000000358
Event: 235.449 Thread 0x0000000025c2ec20 Uncommon trap: reason=profile_predicate action=maybe_recompile pc=0x000000000dba9738 method=java.util.Collections.indexedBinarySearch(Ljava/util/List;Ljava/lang/Object;)I @ 13 c2
Event: 235.449 Thread 0x0000000025c2ec20 DEOPT PACKING pc=0x000000000dba9738 sp=0x000000002e89e9f0
Event: 235.449 Thread 0x0000000025c2ec20 DEOPT UNPACKING pc=0x000000000d1c43a2 sp=0x000000002e89e970 mode 2
Event: 235.449 Thread 0x0000000025c2ec20 Uncommon trap: trap_request=0xffffffbe fr.pc=0x000000000dba9738 relative=0x0000000000000358
Event: 235.449 Thread 0x0000000025c2ec20 Uncommon trap: reason=profile_predicate action=maybe_recompile pc=0x000000000dba9738 method=java.util.Collections.indexedBinarySearch(Ljava/util/List;Ljava/lang/Object;)I @ 13 c2
Event: 235.449 Thread 0x0000000025c2ec20 DEOPT PACKING pc=0x000000000dba9738 sp=0x000000002e89ea30
Event: 235.449 Thread 0x0000000025c2ec20 DEOPT UNPACKING pc=0x000000000d1c43a2 sp=0x000000002e89e9b0 mode 2
Event: 235.525 Thread 0x0000000025c2b7a0 DEOPT PACKING pc=0x000000000693bdb4 sp=0x000000001afae630
Event: 235.525 Thread 0x0000000025c2b7a0 DEOPT UNPACKING pc=0x000000000d1c4b42 sp=0x000000001afadb28 mode 0
Event: 235.538 Thread 0x000000001a3c3350 DEOPT PACKING pc=0x000000000693bdb4 sp=0x000000002286c9f0
Event: 235.538 Thread 0x000000001a3c3350 DEOPT UNPACKING pc=0x000000000d1c4b42 sp=0x000000002286bee8 mode 0
Event: 235.724 Thread 0x00000000257814e0 Uncommon trap: trap_request=0xffffff45 fr.pc=0x000000000d9dc378 relative=0x0000000000000058
Event: 235.724 Thread 0x00000000257814e0 Uncommon trap: reason=unstable_if action=reinterpret pc=0x000000000d9dc378 method=java.lang.Thread.getAndClearInterrupt()Z @ 6 c2
Event: 235.724 Thread 0x00000000257814e0 DEOPT PACKING pc=0x000000000d9dc378 sp=0x000000000076f520
Event: 235.724 Thread 0x00000000257814e0 DEOPT UNPACKING pc=0x000000000d1c43a2 sp=0x000000000076f458 mode 2

Classes loaded (20 events):
Event: 149.040 Loading class java/time/temporal/TemporalQueries$4
Event: 149.040 Loading class java/time/temporal/TemporalQueries$4 done
Event: 149.040 Loading class java/time/temporal/TemporalQueries$5
Event: 149.041 Loading class java/time/temporal/TemporalQueries$5 done
Event: 149.041 Loading class java/time/temporal/TemporalQueries$6
Event: 149.041 Loading class java/time/temporal/TemporalQueries$6 done
Event: 149.041 Loading class java/time/temporal/TemporalQueries$7
Event: 149.041 Loading class java/time/temporal/TemporalQueries$7 done
Event: 149.125 Loading class java/time/LocalDate$1
Event: 149.126 Loading class java/time/LocalDate$1 done
Event: 149.126 Loading class java/time/format/DateTimeFormatterBuilder$2
Event: 149.162 Loading class java/time/format/DateTimeFormatterBuilder$2 done
Event: 220.777 Loading class java/util/concurrent/Executors$DelegatedScheduledExecutorService
Event: 220.778 Loading class java/util/concurrent/Executors$DelegatedExecutorService
Event: 220.779 Loading class java/util/concurrent/Executors$DelegatedExecutorService done
Event: 220.779 Loading class java/util/concurrent/Executors$DelegatedScheduledExecutorService done
Event: 235.521 Loading class java/util/concurrent/ConcurrentLinkedQueue$Itr
Event: 235.522 Loading class java/util/concurrent/ConcurrentLinkedQueue$Itr done
Event: 235.680 Loading class java/util/logging/LogRecord
Event: 235.700 Loading class java/util/logging/LogRecord done

Classes unloaded (0 events):
No events

Classes redefined (0 events):
No events

Internal exceptions (20 events):
Event: 225.234 Thread 0x000000002ee0e0f0 Exception <a 'sun/nio/fs/WindowsException'{0x0000000088bd2e28}> (0x0000000088bd2e28) 
thrown [s\src\hotspot\share\prims\jni.cpp, line 537]
Event: 225.243 Thread 0x000000002ee0e0f0 Exception <a 'sun/nio/fs/WindowsException'{0x0000000088bfbf58}> (0x0000000088bfbf58) 
thrown [s\src\hotspot\share\prims\jni.cpp, line 537]
Event: 225.840 Thread 0x000000002ee0e0f0 Exception <a 'sun/nio/fs/WindowsException'{0x0000000088ac0868}> (0x0000000088ac0868) 
thrown [s\src\hotspot\share\prims\jni.cpp, line 537]
Event: 225.849 Thread 0x000000002ee0e0f0 Exception <a 'sun/nio/fs/WindowsException'{0x0000000088acf0f0}> (0x0000000088acf0f0) 
thrown [s\src\hotspot\share\prims\jni.cpp, line 537]
Event: 225.861 Thread 0x000000002ee0e0f0 Exception <a 'sun/nio/fs/WindowsException'{0x0000000088ad8f00}> (0x0000000088ad8f00) 
thrown [s\src\hotspot\share\prims\jni.cpp, line 537]
Event: 226.050 Thread 0x000000002ee0e0f0 Exception <a 'sun/nio/fs/WindowsException'{0x0000000088af0cc0}> (0x0000000088af0cc0) 
thrown [s\src\hotspot\share\prims\jni.cpp, line 537]
Event: 226.056 Thread 0x000000002ee0e0f0 Exception <a 'sun/nio/fs/WindowsException'{0x0000000088909bf0}> (0x0000000088909bf0) 
thrown [s\src\hotspot\share\prims\jni.cpp, line 537]
Event: 226.058 Thread 0x000000002ee0e0f0 Exception <a 'sun/nio/fs/WindowsException'{0x00000000889104c0}> (0x00000000889104c0) 
thrown [s\src\hotspot\share\prims\jni.cpp, line 537]
Event: 226.059 Thread 0x000000002ee0e0f0 Exception <a 'sun/nio/fs/WindowsException'{0x0000000088917328}> (0x0000000088917328) 
thrown [s\src\hotspot\share\prims\jni.cpp, line 537]
Event: 226.063 Thread 0x000000002ee0e0f0 Exception <a 'sun/nio/fs/WindowsException'{0x0000000088923d88}> (0x0000000088923d88) 
thrown [s\src\hotspot\share\prims\jni.cpp, line 537]
Event: 226.074 Thread 0x000000002ee0e0f0 Exception <a 'sun/nio/fs/WindowsException'{0x000000008892ee20}> (0x000000008892ee20) 
thrown [s\src\hotspot\share\prims\jni.cpp, line 537]
Event: 226.277 Thread 0x000000002ee0e0f0 Exception <a 'sun/nio/fs/WindowsException'{0x000000008893a0c8}> (0x000000008893a0c8) 
thrown [s\src\hotspot\share\prims\jni.cpp, line 537]
Event: 226.805 Thread 0x000000001f63d430 Exception <a 'sun/nio/fs/WindowsException'{0x00000000888ffcc0}> (0x00000000888ffcc0) 
thrown [s\src\hotspot\share\prims\jni.cpp, line 537]
Event: 235.358 Thread 0x00000000236b8130 Exception <a 'sun/nio/fs/WindowsException'{0x0000000088b90b80}> (0x0000000088b90b80) 
thrown [s\src\hotspot\share\prims\jni.cpp, line 537]
Event: 235.358 Thread 0x00000000212436f0 Exception <a 'sun/nio/fs/WindowsException'{0x0000000088ba4480}> (0x0000000088ba4480) 
thrown [s\src\hotspot\share\prims\jni.cpp, line 537]
Event: 235.362 Thread 0x00000000236b8130 Exception <a 'sun/nio/fs/WindowsException'{0x0000000088b97110}> (0x0000000088b97110) 
thrown [s\src\hotspot\share\prims\jni.cpp, line 537]
Event: 235.365 Thread 0x000000002ee0e0f0 Exception <a 'sun/nio/fs/WindowsException'{0x0000000088947b88}> (0x0000000088947b88) 
thrown [s\src\hotspot\share\prims\jni.cpp, line 537]
Event: 235.366 Thread 0x000000002ee0e0f0 Exception <a 'sun/nio/fs/WindowsException'{0x0000000088104c30}> (0x0000000088104c30) 
thrown [s\src\hotspot\share\prims\jni.cpp, line 537]
Event: 235.374 Thread 0x000000002ee0e0f0 Exception <a 'sun/nio/fs/WindowsException'{0x0000000088126050}> (0x0000000088126050) 
thrown [s\src\hotspot\share\prims\jni.cpp, line 537]
Event: 235.376 Thread 0x000000002ee0e0f0 Exception <a 'java/io/IOException'{0x000000008812d138}> (0x000000008812d138) 
thrown [s\src\hotspot\share\prims\jni.cpp, line 537]

ZGC Phase Switch (0 events):
No events

VM Operations (20 events):
Event: 210.487 Executing VM operation: Cleanup
Event: 210.532 Executing VM operation: Cleanup done
Event: 211.391 Executing VM operation: G1CollectForAllocation (G1 Evacuation Pause)
Event: 211.439 Executing VM operation: G1CollectForAllocation (G1 Evacuation Pause) done
Event: 212.194 Executing VM operation: G1PauseRemark
Event: 212.250 Executing VM operation: G1PauseRemark done
Event: 212.537 Executing VM operation: G1PauseCleanup
Event: 212.665 Executing VM operation: G1PauseCleanup done
Event: 213.617 Executing VM operation: G1CollectForAllocation (G1 Evacuation Pause)
Event: 213.742 Executing VM operation: G1CollectForAllocation (G1 Evacuation Pause) done
Event: 214.745 Executing VM operation: Cleanup
Event: 214.760 Executing VM operation: Cleanup done
Event: 215.766 Executing VM operation: Cleanup
Event: 215.920 Executing VM operation: Cleanup done
Event: 216.931 Executing VM operation: Cleanup
Event: 217.507 Executing VM operation: Cleanup done
Event: 218.511 Executing VM operation: Cleanup
Event: 218.717 Executing VM operation: Cleanup done
Event: 220.730 Executing VM operation: Cleanup
Event: 220.730 Executing VM operation: Cleanup done

Memory protections (0 events):
No events

Nmethod flushes (20 events):
Event: 212.248 Thread 0x0000000019c33c50 flushing  nmethod 0x0000000006686e90
Event: 212.248 Thread 0x0000000019c33c50 flushing  nmethod 0x0000000006687610
Event: 212.248 Thread 0x0000000019c33c50 flushing  nmethod 0x00000000066fb910
Event: 212.248 Thread 0x0000000019c33c50 flushing  nmethod 0x00000000067daf90
Event: 212.248 Thread 0x0000000019c33c50 flushing  nmethod 0x00000000068e3190
Event: 212.248 Thread 0x0000000019c33c50 flushing  nmethod 0x0000000006957110
Event: 212.248 Thread 0x0000000019c33c50 flushing  nmethod 0x0000000006973f10
Event: 212.248 Thread 0x0000000019c33c50 flushing  nmethod 0x0000000006974710
Event: 212.248 Thread 0x0000000019c33c50 flushing  nmethod 0x0000000006b83f10
Event: 212.248 Thread 0x0000000019c33c50 flushing  nmethod 0x0000000006c98710
Event: 212.248 Thread 0x0000000019c33c50 flushing  nmethod 0x0000000006e81490
Event: 212.248 Thread 0x0000000019c33c50 flushing  nmethod 0x0000000006ecb890
Event: 212.248 Thread 0x0000000019c33c50 flushing  nmethod 0x0000000006ecbe90
Event: 212.248 Thread 0x0000000019c33c50 flushing  nmethod 0x0000000007149d10
Event: 212.248 Thread 0x0000000019c33c50 flushing  nmethod 0x0000000007162f10
Event: 212.248 Thread 0x0000000019c33c50 flushing  nmethod 0x0000000007165a10
Event: 212.248 Thread 0x0000000019c33c50 flushing  nmethod 0x0000000007342010
Event: 212.248 Thread 0x0000000019c33c50 flushing  nmethod 0x0000000007343310
Event: 212.248 Thread 0x0000000019c33c50 flushing  nmethod 0x0000000007356890
Event: 212.248 Thread 0x0000000019c33c50 flushing  nmethod 0x000000000735a090

Events (20 events):
Event: 123.512 Thread 0x0000000025c289b0 Thread added: 0x000000002ee13640
Event: 123.512 Thread 0x0000000025c289b0 Thread added: 0x000000002ee12290
Event: 131.264 Thread 0x0000000025c289b0 Thread added: 0x00000000236b66f0
Event: 132.772 Thread 0x000000002ee0e0f0 Thread added: 0x00000000236b6d80
Event: 143.074 Thread 0x000000002ee0e0f0 Thread added: 0x000000002600c630
Event: 143.752 Thread 0x000000002600c630 Thread exited: 0x000000002600c630
Event: 144.068 Thread 0x000000002ee0e0f0 Thread added: 0x0000000024d0a4c0
Event: 144.666 Thread 0x0000000024d0a4c0 Thread exited: 0x0000000024d0a4c0
Event: 151.331 Thread 0x000000002ee0e0f0 Thread added: 0x0000000024d0b1e0
Event: 152.608 Thread 0x0000000024d0b1e0 Thread exited: 0x0000000024d0b1e0
Event: 174.298 Thread 0x00000000236b6d80 Thread exited: 0x00000000236b6d80
Event: 183.870 Thread 0x0000000025c2c4c0 Thread added: 0x0000000021243060
Event: 220.782 Thread 0x000000002ee0e0f0 Thread added: 0x00000000236b7aa0
Event: 223.909 Thread 0x000000002ee0e0f0 Thread added: 0x00000000236b8130
Event: 223.910 Thread 0x000000002ee0e0f0 Thread added: 0x00000000212436f0
Event: 235.375 Thread 0x00000000212436f0 Thread exited: 0x00000000212436f0
Event: 235.375 Thread 0x00000000236b8130 Thread exited: 0x00000000236b8130
Event: 235.381 Thread 0x00000000236b7aa0 Thread exited: 0x00000000236b7aa0
Event: 235.724 Thread 0x00000000257814e0 Thread exited: 0x00000000257814e0
Event: 235.727 Thread 0x000000002577f410 Thread exited: 0x000000002577f410


Dynamic libraries:
0x00007ff7ae930000 - 0x00007ff7ae93a000 	C:\Program Files\Android\Android Studio\jbr\bin\java.exe
0x00007ff92ab00000 - 0x00007ff92ad68000 	C:\WINDOWS\SYSTEM32\ntdll.dll
0x00007ff9289b0000 - 0x00007ff928a79000 	C:\WINDOWS\System32\KERNEL32.DLL
0x00007ff927640000 - 0x00007ff927a31000 	C:\WINDOWS\System32\KERNELBASE.dll
0x00007ff9241e0000 - 0x00007ff92427e000 	C:\WINDOWS\SYSTEM32\apphelp.dll
0x00007ff927a40000 - 0x00007ff927b8b000 	C:\WINDOWS\System32\ucrtbase.dll
0x00007ff919720000 - 0x00007ff919738000 	C:\Program Files\Android\Android Studio\jbr\bin\jli.dll
0x00007ff92a210000 - 0x00007ff92a3d6000 	C:\WINDOWS\System32\USER32.dll
0x00007ff9273e0000 - 0x00007ff927407000 	C:\WINDOWS\System32\win32u.dll
0x00007ff929c70000 - 0x00007ff929c9b000 	C:\WINDOWS\System32\GDI32.dll
0x00007ff928770000 - 0x00007ff92889b000 	C:\WINDOWS\System32\gdi32full.dll
0x00007ff927410000 - 0x00007ff9274b3000 	C:\WINDOWS\System32\msvcp_win.dll
0x00007ff91cb30000 - 0x00007ff91cb4b000 	C:\Program Files\Android\Android Studio\jbr\bin\VCRUNTIME140.dll
0x00007ff9154a0000 - 0x00007ff915733000 	C:\WINDOWS\WinSxS\amd64_microsoft.windows.common-controls_6595b64144ccf1df_6.0.26100.7824_none_3e0870b2e3345462\COMCTL32.dll
0x00007ff928fb0000 - 0x00007ff929059000 	C:\WINDOWS\System32\msvcrt.dll
0x00007ff92aa80000 - 0x00007ff92aab1000 	C:\WINDOWS\System32\IMM32.DLL
0x00007ff922150000 - 0x00007ff92215c000 	C:\Program Files\Android\Android Studio\jbr\bin\vcruntime140_1.dll
0x00007ff8ec160000 - 0x00007ff8ec1ed000 	C:\Program Files\Android\Android Studio\jbr\bin\msvcp140.dll
0x00007ff8e0c00000 - 0x00007ff8e1896000 	C:\Program Files\Android\Android Studio\jbr\bin\server\jvm.dll
0x00007ff92a870000 - 0x00007ff92a924000 	C:\WINDOWS\System32\ADVAPI32.dll
0x00007ff929180000 - 0x00007ff929226000 	C:\WINDOWS\System32\sechost.dll
0x00007ff929060000 - 0x00007ff929178000 	C:\WINDOWS\System32\RPCRT4.dll
0x00007ff92a9a0000 - 0x00007ff92aa14000 	C:\WINDOWS\System32\WS2_32.dll
0x00007ff927260000 - 0x00007ff9272be000 	C:\WINDOWS\SYSTEM32\POWRPROF.dll
0x00007ff910540000 - 0x00007ff910575000 	C:\WINDOWS\SYSTEM32\WINMM.dll
0x00007ff9161e0000 - 0x00007ff9161eb000 	C:\WINDOWS\SYSTEM32\VERSION.dll
0x00007ff927220000 - 0x00007ff927234000 	C:\WINDOWS\SYSTEM32\UMPDC.dll
0x00007ff926140000 - 0x00007ff92615b000 	C:\WINDOWS\SYSTEM32\kernel.appcore.dll
0x00007ff91cb00000 - 0x00007ff91cb0a000 	C:\Program Files\Android\Android Studio\jbr\bin\jimage.dll
0x00007ff925370000 - 0x00007ff9255b2000 	C:\WINDOWS\SYSTEM32\DBGHELP.DLL
0x00007ff928c20000 - 0x00007ff928fa6000 	C:\WINDOWS\System32\combase.dll
0x00007ff92a090000 - 0x00007ff92a167000 	C:\WINDOWS\System32\OLEAUT32.dll
0x00007ff90df10000 - 0x00007ff90df4b000 	C:\WINDOWS\SYSTEM32\dbgcore.DLL
0x00007ff928490000 - 0x00007ff928535000 	C:\WINDOWS\System32\bcryptPrimitives.dll
0x00007ff913d80000 - 0x00007ff913d8e000 	C:\Program Files\Android\Android Studio\jbr\bin\instrument.dll
0x00007ff91b1f0000 - 0x00007ff91b210000 	C:\Program Files\Android\Android Studio\jbr\bin\java.dll
0x00007ff919700000 - 0x00007ff919718000 	C:\Program Files\Android\Android Studio\jbr\bin\zip.dll
0x00007ff929230000 - 0x00007ff929982000 	C:\WINDOWS\System32\SHELL32.dll
0x00007ff928600000 - 0x00007ff92876a000 	C:\WINDOWS\System32\wintypes.dll
0x00007ff927b90000 - 0x00007ff9283f3000 	C:\WINDOWS\System32\windows.storage.dll
0x00007ff929e20000 - 0x00007ff929f16000 	C:\WINDOWS\System32\SHCORE.dll
0x00007ff92a1a0000 - 0x00007ff92a207000 	C:\WINDOWS\System32\shlwapi.dll
0x00007ff927300000 - 0x00007ff927329000 	C:\WINDOWS\SYSTEM32\profapi.dll
0x00007ff91ca60000 - 0x00007ff91ca70000 	C:\Program Files\Android\Android Studio\jbr\bin\net.dll
0x00007ff919f30000 - 0x00007ff91a057000 	C:\WINDOWS\SYSTEM32\WINHTTP.dll
0x00007ff926690000 - 0x00007ff9266fb000 	C:\WINDOWS\system32\mswsock.dll
0x00007ff919640000 - 0x00007ff919656000 	C:\Program Files\Android\Android Studio\jbr\bin\nio.dll
0x00007ff9240e0000 - 0x00007ff9240f0000 	C:\Program Files\Android\Android Studio\jbr\bin\verify.dll
0x00007ff900460000 - 0x00007ff900487000 	C:\Users\Administrator\.gradle\native\660c5614fbf4a5f2a75b1949f50a0caf5cd603558e7d8a26e50b933a0cfb79d1\windows-amd64\native-platform.dll
0x00007ff8ef190000 - 0x00007ff8ef207000 	C:\Users\Administrator\.gradle\native\0.2.8\x86_64-windows-gnu\gradle-fileevents.dll
0x00007ff91b1e0000 - 0x00007ff91b1e9000 	C:\Program Files\Android\Android Studio\jbr\bin\management.dll
0x00007ff91ab70000 - 0x00007ff91ab7b000 	C:\Program Files\Android\Android Studio\jbr\bin\management_ext.dll
0x00007ff92aa20000 - 0x00007ff92aa28000 	C:\WINDOWS\System32\PSAPI.DLL
0x00007ff925b40000 - 0x00007ff925b74000 	C:\WINDOWS\SYSTEM32\IPHLPAPI.DLL
0x00007ff92a930000 - 0x00007ff92a93a000 	C:\WINDOWS\System32\NSI.dll
0x00007ff91b230000 - 0x00007ff91b239000 	C:\Program Files\Android\Android Studio\jbr\bin\extnet.dll
0x00007ff926a80000 - 0x00007ff926a9b000 	C:\WINDOWS\SYSTEM32\CRYPTSP.dll
0x00007ff9260a0000 - 0x00007ff9260d9000 	C:\WINDOWS\system32\rsaenh.dll
0x00007ff926740000 - 0x00007ff92676b000 	C:\WINDOWS\SYSTEM32\USERENV.dll
0x00007ff9272d0000 - 0x00007ff9272fa000 	C:\WINDOWS\SYSTEM32\bcrypt.dll
0x00007ff9268e0000 - 0x00007ff9268ec000 	C:\WINDOWS\SYSTEM32\CRYPTBASE.dll
0x00007ff91c810000 - 0x00007ff91c818000 	C:\WINDOWS\system32\wshunix.dll
0x00007ff925bd0000 - 0x00007ff925cfc000 	C:\WINDOWS\SYSTEM32\DNSAPI.dll
0x00007ff9160f0000 - 0x00007ff9160fb000 	C:\Windows\System32\rasadhlp.dll
0x00007ff917260000 - 0x00007ff9172e6000 	C:\WINDOWS\System32\fwpuclnt.dll
0x00007ff926260000 - 0x00007ff926296000 	C:\WINDOWS\SYSTEM32\ntmarta.dll

JVMTI agents:
C:\Users\Administrator\.gradle\wrapper\dists\gradle-9.3.1-bin\23ovyewtku6u96viwx3xl3oks\gradle-9.3.1\lib\agents\gradle-instrumentation-agent-9.3.1.jar path:C:\Program Files\Android\Android Studio\jbr\bin\instrument.dll, loaded, initialized, instrumentlib options:none

dbghelp: loaded successfully - version: 4.0.5 - missing functions: none
symbol engine: initialized successfully - sym options: 0x614 - pdb path: .;C:\Program Files\Android\Android Studio\jbr\bin;C:\WINDOWS\SYSTEM32;C:\WINDOWS\WinSxS\amd64_microsoft.windows.common-controls_6595b64144ccf1df_6.0.26100.7824_none_3e0870b2e3345462;C:\Program Files\Android\Android Studio\jbr\bin\server;C:\Users\Administrator\.gradle\native\660c5614fbf4a5f2a75b1949f50a0caf5cd603558e7d8a26e50b933a0cfb79d1\windows-amd64;C:\Users\Administrator\.gradle\native\0.2.8\x86_64-windows-gnu

VM Arguments:
jvm_args: --add-opens=java.base/java.lang=ALL-UNNAMED --add-opens=java.base/java.lang.invoke=ALL-UNNAMED --add-opens=java.base/java.util=ALL-UNNAMED --add-opens=java.prefs/java.util.prefs=ALL-UNNAMED --add-exports=jdk.compiler/com.sun.tools.javac.api=ALL-UNNAMED --add-exports=jdk.compiler/com.sun.tools.javac.util=ALL-UNNAMED --add-opens=java.base/java.util=ALL-UNNAMED --add-opens=java.prefs/java.util.prefs=ALL-UNNAMED --add-opens=java.base/java.nio.charset=ALL-UNNAMED --add-opens=java.base/java.net=ALL-UNNAMED --add-opens=java.base/java.util.concurrent=ALL-UNNAMED --add-opens=java.base/java.util.concurrent.atomic=ALL-UNNAMED --add-opens=java.xml/javax.xml.namespace=ALL-UNNAMED --add-opens=java.base/java.time=ALL-UNNAMED -Xmx2048m -Dfile.encoding=UTF-8 -Duser.country=US -Duser.language=en -Duser.variant -javaagent:C:\Users\Administrator\.gradle\wrapper\dists\gradle-9.3.1-bin\23ovyewtku6u96viwx3xl3oks\gradle-9.3.1\lib\agents\gradle-instrumentation-agent-9.3.1.jar 
java_command: org.gradle.launcher.daemon.bootstrap.GradleDaemon 9.3.1
java_class_path (initial): C:\Users\Administrator\.gradle\wrapper\dists\gradle-9.3.1-bin\23ovyewtku6u96viwx3xl3oks\gradle-9.3.1\lib\gradle-daemon-main-9.3.1.jar
Launcher Type: SUN_STANDARD

[Global flags]
     intx CICompilerCount                          = 3                                         {product} {ergonomic}
     uint ConcGCThreads                            = 1                                         {product} {ergonomic}
     uint G1ConcRefinementThreads                  = 4                                         {product} {ergonomic}
   size_t G1HeapRegionSize                         = 1048576                                   {product} {ergonomic}
    uintx GCDrainStackTargetSize                   = 64                                        {product} {ergonomic}
   size_t InitialHeapSize                          = 134217728                                 {product} {ergonomic}
   size_t MarkStackSize                            = 4194304                                   {product} {ergonomic}
   size_t MaxHeapSize                              = 2147483648                                {product} {command line}
   size_t MaxNewSize                               = 1287651328                                {product} {ergonomic}
   size_t MinHeapDeltaBytes                        = 1048576                                   {product} {ergonomic}
   size_t MinHeapSize                              = 8388608                                   {product} {ergonomic}
    uintx NonNMethodCodeHeapSize                   = 5832780                                {pd product} {ergonomic}
    uintx NonProfiledCodeHeapSize                  = 122912730                              {pd product} {ergonomic}
    uintx ProfiledCodeHeapSize                     = 122912730                              {pd product} {ergonomic}
    uintx ReservedCodeCacheSize                    = 251658240                              {pd product} {ergonomic}
     bool SegmentedCodeCache                       = true                                      {product} {ergonomic}
   size_t SoftMaxHeapSize                          = 2147483648                             {manageable} {ergonomic}
     bool UseCompressedOops                        = true                           {product lp64_product} {ergonomic}
     bool UseG1GC                                  = true                                      {product} {ergonomic}
     bool UseLargePagesIndividualAllocation        = false                                  {pd product} {ergonomic}

Logging:
Log output configuration:
 #0: stdout all=warning uptime,level,tags foldmultilines=false
 #1: stderr all=off uptime,level,tags foldmultilines=false

Release file:
JAVA_VERSION="21.0.9" 
MODULES="java.base java.compiler java.datatransfer java.xml java.prefs java.desktop java.instrument java.logging java.management java.security.sasl java.naming java.rmi java.management.rmi java.net.http java.scripting java.security.jgss java.transaction.xa java.sql java.sql.rowset java.xml.crypto java.se java.smartcardio jdk.accessibility jdk.internal.jvmstat jdk.attach jdk.charsets jdk.internal.opt jdk.zipfs jdk.compiler jdk.crypto.ec jdk.crypto.cryptoki jdk.dynalink jdk.hotspot.agent jdk.httpserver jdk.internal.ed jdk.internal.le jdk.internal.vm.ci jdk.jartool jdk.javadoc jdk.jcmd jdk.jdeps jdk.jdwp.agent jdk.jdi jdk.jfr jdk.jlink jdk.jsobject jdk.localedata jdk.management jdk.management.agent jdk.management.jfr jdk.naming.dns jdk.naming.rmi jdk.net jdk.sctp jdk.security.auth jdk.security.jgss jdk.unsupported jdk.unsupported.desktop jdk.xml.dom" 
IMPLEMENTOR="JetBrains s.r.o." 
JAVA_RUNTIME_VERSION="21.0.9+-14787801-b1163.94" 
LIBC="default" 
OS_ARCH="x86_64" 
OS_NAME="Windows" 
SOURCE=".:git:0c757ddc9f2f" 

Environment Variables:
PATH=C:\Program Files\BraveSoftware\Brave-Browser-Nightly\Application;C:\Python313\Scripts\;C:\Python313\;C:\Program Files (x86)\NVIDIA Corporation\PhysX\Common;C:\WINDOWS\system32;C:\WINDOWS;C:\WINDOWS\System32\Wbem;C:\WINDOWS\System32\WindowsPowerShell\v1.0\;C:\WINDOWS\System32\OpenSSH\;C:\Program Files\dotnet\;C:\Program Files\Go\bin;C:\Users\Administrator\AppData\Local\Programs\Microsoft VS Code\bin;C:\Program Files\nodejs\;C:\ProgramData\chocolatey\bin;C:\Program Files\Git\cmd;C:\Program Files\Docker\Docker\resources\bin;C:\Users\Administrator\anaconda3;C:\Users\Administrator\anaconda3\Library\mingw-w64\bin;C:\Users\Administrator\anaconda3\Library\usr\bin;C:\Users\Administrator\anaconda3\Library\bin;C:\Users\Administrator\anaconda3\Scripts;C:\Users\Administrator\anaconda3\bin;C:\Users\Administrator\anaconda3\condabin;C:\Python313\Scripts;C:\Python313;C:\Program Files (x86)\NVIDIA Corporation\PhysX\Common;C:\WINDOWS\system32;C:\WINDOWS;C:\WINDOWS\System32\Wbem;C:\WINDOWS\System32\WindowsPowerShell\v1.0;C:\WINDOWS\System32\OpenSSH;C:\Program Files\dotnet;C:\Program Files\Go\bin;C:\Users\Administrator\AppData\Local\Programs\Microsoft VS Code\bin;C:\Program Files\nodejs;C:\ProgramData\chocolatey\bin;C:\Program Files\Git\cmd;C:\Program Files\Docker\Docker\resources\bin;C:\Users\Administrator\anaconda3;C:\Users\Administrator\anaconda3\Library\mingw-w64\bin;C:\Users\Administrator\anaconda3\Library\usr\bin;C:\Users\Administrator\anaconda3\Library\bin;C:\Users\Administrator\anaconda3\Scripts;C:\Users\Administrator\AppData\Local\Microsoft\WindowsApps;C:\Users\Administrator\AppData\Local\Programs\Microsoft VS Code\bin;C:\Users\Administrator\go\bin;C:\Users\Administrator\AppData\Roaming\npm;C:\Program Files (x86)\Nmap;C:\Users\Administrator\AppData\Local\Microsoft\WinGet\Links;.;C:\Users\Administrator\.deno\bin;C:\Users\Administrator\.deno\bin
USERNAME=Ian Waiguru
OS=Windows_NT
PROCESSOR_IDENTIFIER=Intel64 Family 6 Model 142 Stepping 9, GenuineIntel
TMP=C:\Users\ADMINI~1\AppData\Local\Temp
TEMP=C:\Users\ADMINI~1\AppData\Local\Temp




Periodic native trim disabled

JNI global refs:
JNI global refs: 28, weak refs: 0

JNI global refs memory usage: 835, weak refs: 201

Process memory usage:
Resident Set Size: 335356K (4% of 8276692K total physical memory with 481648K free physical memory)

OOME stack traces (most recent first):
Classloader memory used:
